Archive member included to satisfy reference by file (symbol)

C:/ST/STM32CubeIDE_1.14.0/STM32CubeIDE/plugins/com.st.stm32cube.ide.mcu.externaltools.gnu-tools-for-stm32.11.3.rel1.win32_1.1.100.202309141235/tools/bin/../lib/gcc/arm-none-eabi/11.3.1/../../../../arm-none-eabi/lib/thumb/v7e-m+fp/hard\libc_nano.a(libc_a-exit.o)
                              C:/ST/STM32CubeIDE_1.14.0/STM32CubeIDE/plugins/com.st.stm32cube.ide.mcu.externaltools.gnu-tools-for-stm32.11.3.rel1.win32_1.1.100.202309141235/tools/bin/../lib/gcc/arm-none-eabi/11.3.1/../../../../arm-none-eabi/lib/thumb/v7e-m+fp/hard/crt0.o (exit)
C:/ST/STM32CubeIDE_1.14.0/STM32CubeIDE/plugins/com.st.stm32cube.ide.mcu.externaltools.gnu-tools-for-stm32.11.3.rel1.win32_1.1.100.202309141235/tools/bin/../lib/gcc/arm-none-eabi/11.3.1/../../../../arm-none-eabi/lib/thumb/v7e-m+fp/hard\libc_nano.a(libc_a-findfp.o)
                              C:/ST/STM32CubeIDE_1.14.0/STM32CubeIDE/plugins/com.st.stm32cube.ide.mcu.externaltools.gnu-tools-for-stm32.11.3.rel1.win32_1.1.100.202309141235/tools/bin/../lib/gcc/arm-none-eabi/11.3.1/../../../../arm-none-eabi/lib/thumb/v7e-m+fp/hard\libc_nano.a(libc_a-exit.o) (__stdio_exit_handler)
C:/ST/STM32CubeIDE_1.14.0/STM32CubeIDE/plugins/com.st.stm32cube.ide.mcu.externaltools.gnu-tools-for-stm32.11.3.rel1.win32_1.1.100.202309141235/tools/bin/../lib/gcc/arm-none-eabi/11.3.1/../../../../arm-none-eabi/lib/thumb/v7e-m+fp/hard\libc_nano.a(libc_a-fwalk.o)
                              C:/ST/STM32CubeIDE_1.14.0/STM32CubeIDE/plugins/com.st.stm32cube.ide.mcu.externaltools.gnu-tools-for-stm32.11.3.rel1.win32_1.1.100.202309141235/tools/bin/../lib/gcc/arm-none-eabi/11.3.1/../../../../arm-none-eabi/lib/thumb/v7e-m+fp/hard\libc_nano.a(libc_a-findfp.o) (_fwalk_sglue)
C:/ST/STM32CubeIDE_1.14.0/STM32CubeIDE/plugins/com.st.stm32cube.ide.mcu.externaltools.gnu-tools-for-stm32.11.3.rel1.win32_1.1.100.202309141235/tools/bin/../lib/gcc/arm-none-eabi/11.3.1/../../../../arm-none-eabi/lib/thumb/v7e-m+fp/hard\libc_nano.a(libc_a-stdio.o)
                              C:/ST/STM32CubeIDE_1.14.0/STM32CubeIDE/plugins/com.st.stm32cube.ide.mcu.externaltools.gnu-tools-for-stm32.11.3.rel1.win32_1.1.100.202309141235/tools/bin/../lib/gcc/arm-none-eabi/11.3.1/../../../../arm-none-eabi/lib/thumb/v7e-m+fp/hard\libc_nano.a(libc_a-findfp.o) (__sread)
C:/ST/STM32CubeIDE_1.14.0/STM32CubeIDE/plugins/com.st.stm32cube.ide.mcu.externaltools.gnu-tools-for-stm32.11.3.rel1.win32_1.1.100.202309141235/tools/bin/../lib/gcc/arm-none-eabi/11.3.1/../../../../arm-none-eabi/lib/thumb/v7e-m+fp/hard\libc_nano.a(libc_a-memset.o)
                              C:/ST/STM32CubeIDE_1.14.0/STM32CubeIDE/plugins/com.st.stm32cube.ide.mcu.externaltools.gnu-tools-for-stm32.11.3.rel1.win32_1.1.100.202309141235/tools/bin/../lib/gcc/arm-none-eabi/11.3.1/../../../../arm-none-eabi/lib/thumb/v7e-m+fp/hard/crt0.o (memset)
C:/ST/STM32CubeIDE_1.14.0/STM32CubeIDE/plugins/com.st.stm32cube.ide.mcu.externaltools.gnu-tools-for-stm32.11.3.rel1.win32_1.1.100.202309141235/tools/bin/../lib/gcc/arm-none-eabi/11.3.1/../../../../arm-none-eabi/lib/thumb/v7e-m+fp/hard\libc_nano.a(libc_a-closer.o)
                              C:/ST/STM32CubeIDE_1.14.0/STM32CubeIDE/plugins/com.st.stm32cube.ide.mcu.externaltools.gnu-tools-for-stm32.11.3.rel1.win32_1.1.100.202309141235/tools/bin/../lib/gcc/arm-none-eabi/11.3.1/../../../../arm-none-eabi/lib/thumb/v7e-m+fp/hard\libc_nano.a(libc_a-stdio.o) (_close_r)
C:/ST/STM32CubeIDE_1.14.0/STM32CubeIDE/plugins/com.st.stm32cube.ide.mcu.externaltools.gnu-tools-for-stm32.11.3.rel1.win32_1.1.100.202309141235/tools/bin/../lib/gcc/arm-none-eabi/11.3.1/../../../../arm-none-eabi/lib/thumb/v7e-m+fp/hard\libc_nano.a(libc_a-reent.o)
                              C:/ST/STM32CubeIDE_1.14.0/STM32CubeIDE/plugins/com.st.stm32cube.ide.mcu.externaltools.gnu-tools-for-stm32.11.3.rel1.win32_1.1.100.202309141235/tools/bin/../lib/gcc/arm-none-eabi/11.3.1/../../../../arm-none-eabi/lib/thumb/v7e-m+fp/hard\libc_nano.a(libc_a-closer.o) (errno)
C:/ST/STM32CubeIDE_1.14.0/STM32CubeIDE/plugins/com.st.stm32cube.ide.mcu.externaltools.gnu-tools-for-stm32.11.3.rel1.win32_1.1.100.202309141235/tools/bin/../lib/gcc/arm-none-eabi/11.3.1/../../../../arm-none-eabi/lib/thumb/v7e-m+fp/hard\libc_nano.a(libc_a-impure.o)
                              C:/ST/STM32CubeIDE_1.14.0/STM32CubeIDE/plugins/com.st.stm32cube.ide.mcu.externaltools.gnu-tools-for-stm32.11.3.rel1.win32_1.1.100.202309141235/tools/bin/../lib/gcc/arm-none-eabi/11.3.1/../../../../arm-none-eabi/lib/thumb/v7e-m+fp/hard\libc_nano.a(libc_a-reent.o) (_impure_ptr)
C:/ST/STM32CubeIDE_1.14.0/STM32CubeIDE/plugins/com.st.stm32cube.ide.mcu.externaltools.gnu-tools-for-stm32.11.3.rel1.win32_1.1.100.202309141235/tools/bin/../lib/gcc/arm-none-eabi/11.3.1/../../../../arm-none-eabi/lib/thumb/v7e-m+fp/hard\libc_nano.a(libc_a-lseekr.o)
[...]
Memory Configuration

Name             Origin             Length             Attributes
RAM              0x0000000020000000 0x0000000000010000 xrw
FLASH            0x0000000008000000 0x0000000000040000 xr
*default*        0x0000000000000000 0xffffffffffffffff

Linker script and memory map

LOAD C:/ST/STM32CubeIDE_1.14.0/STM32CubeIDE/plugins/com.st.stm32cube.ide.mcu.externaltools.gnu-tools-for-stm32.11.3.rel1.win32_1.1.100.202309141235/tools/bin/../lib/gcc/arm-none-eabi/11.3.1/thumb/v7e-m+fp/hard/crti.o
LOAD C:/ST/STM32CubeIDE_1.14.0/STM32CubeIDE/plugins/com.st.stm32cube.ide.mcu.externaltools.gnu-tools-for-stm32.11.3.rel1.win32_1.1.100.202309141235/tools/bin/../lib/gcc/arm-none-eabi/11.3.1/thumb/v7e-m+fp/hard/crtbegin.o
LOAD C:/ST/STM32CubeIDE_1.14.0/STM32CubeIDE/plugins/com.st.stm32cube.ide.mcu.externaltools.gnu-tools-for-stm32.11.3.rel1.win32_1.1.100.202309141235/tools/bin/../lib/gcc/arm-none-eabi/11.3.1/../../../../arm-none-eabi/lib/thumb/v7e-m+fp/hard/crt0.o
LOAD ./Core/Src/gpio.o
LOAD ./Core/Src/main.o
LOAD ./Core/Src/stm32f4xx_hal_msp.o
LOAD ./Core/Src/stm32f4xx_it.o
LOAD ./Core/Src/syscalls.o
LOAD ./Core/Src/sysmem.o
LOAD ./Core/Src/system_stm32f4xx.o
LOAD ./Core/Src/tim.o
LOAD ./Core/Src/usart.o
LOAD ./Core/Startup/startup_stm32f401rctx.o
LOAD ./Drivers/STM32F4xx_HAL_Driver/Src/stm32f4xx_hal.o
LOAD ./Drivers/STM32F4xx_HAL_Driver/Src/stm32f4xx_hal_cortex.o
LOAD ./Drivers/STM32F4xx_HAL_Driver/Src/stm32f4xx_hal_dma.o
LOAD ./Drivers/STM32F4xx_HAL_Driver/Src/stm32f4xx_hal_dma_ex.o
LOAD ./Drivers/STM32F4xx_HAL_Driver/Src/stm32f4xx_hal_exti.o
LOAD ./Drivers/STM32F4xx_HAL_Driver/Src/stm32f4xx_hal_flash.o
LOAD ./Drivers/STM32F4xx_HAL_Driver/Src/stm32f4xx_hal_flash_ex.o
LOAD ./Drivers/STM32F4xx_HAL_Driver/Src/stm32f4xx_hal_flash_ramfunc.o
LOAD ./Drivers/STM32F4xx_HAL_Driver/Src/stm32f4xx_hal_gpio.o
LOAD ./Drivers/STM32F4xx_HAL_Driver/Src/stm32f4xx_hal_pwr.o
LOAD ./Drivers/STM32F4xx_HAL_Driver/Src/stm32f4xx_hal_pwr_ex.o
LOAD ./Drivers/STM32F4xx_HAL_Driver/Src/stm32f4xx_hal_rcc.o
LOAD ./Drivers/STM32F4xx_HAL_Driver/Src/stm32f4xx_hal_rcc_ex.o
LOAD ./Drivers/STM32F4xx_HAL_Driver/Src/stm32f4xx_hal_tim.o
LOAD ./Drivers/STM32F4xx_HAL_Driver/Src/stm32f4xx_hal_tim_ex.o
LOAD ./Drivers/STM32F4xx_HAL_Driver/Src/stm32f4xx_hal_uart.o
LOAD ./HAL/Motor/motor.o
LOAD ./HAL/Ultrasonic/ultrasonic.o
START GROUP
LOAD C:/ST/STM32CubeIDE_1.14.0/STM32CubeIDE/plugins/com.st.stm32cube.ide.mcu.externaltools.gnu-tools-for-stm32.11.3.rel1.win32_1.1.100.202309141235/tools/bin/../lib/gcc/arm-none-eabi/11.3.1/../../../../arm-none-eabi/lib/thumb/v7e-m+fp/hard\libc_nano.a
LOAD C:/ST/STM32CubeIDE_1.14.0/STM32CubeIDE/plugins/com.st.stm32cube.ide.mcu.externaltools.gnu-tools-for-stm32.11.3.rel1.win32_1.1.100.202309141235/tools/bin/../lib/gcc/arm-none-eabi/11.3.1/../../../../arm-none-eabi/lib/thumb/v7e-m+fp/hard\libm.a
END GROUP
START GROUP
LOAD C:/ST/STM32CubeIDE_1.14.0/STM32CubeIDE/plugins/com.st.stm32cube.ide.mcu.externaltools.gnu-tools-for-stm32.11.3.rel1.win32_1.1.100.202309141235/tools/bin/../lib/gcc/arm-none-eabi/11.3.1/thumb/v7e-m+fp/hard\libgcc.a
LOAD C:/ST/STM32CubeIDE_1.14.0/STM32CubeIDE/plugins/com.st.stm32cube.ide.mcu.externaltools.gnu-tools-for-stm32.11.3.rel1.win32_1.1.100.202309141235/tools/bin/../lib/gcc/arm-none-eabi/11.3.1/../../../../arm-none-eabi/lib/thumb/v7e-m+fp/hard\libc_nano.a
END GROUP
START GROUP
LOAD C:/ST/STM32CubeIDE_1.14.0/STM32CubeIDE/plugins/com.st.stm32cube.ide.mcu.externaltools.gnu-tools-for-stm32.11.3.rel1.win32_1.1.100.202309141235/tools/bin/../lib/gcc/arm-none-eabi/11.3.1/thumb/v7e-m+fp/hard\libgcc.a
LOAD C:/ST/STM32CubeIDE_1.14.0/STM32CubeIDE/plugins/com.st.stm32cube.ide.mcu.externaltools.gnu-tools-for-stm32.11.3.rel1.win32_1.1.100.202309141235/tools/bin/../lib/gcc/arm-none-eabi/11.3.1/../../../../arm-none-eabi/lib/thumb/v7e-m+fp/hard\libc_nano.a
LOAD C:/ST/STM32CubeIDE_1.14.0/STM32CubeIDE/plugins/com.st.stm32cube.ide.mcu.externaltools.gnu-tools-for-stm32.11.3.rel1.win32_1.1.100.202309141235/tools/bin/../lib/gcc/arm-none-eabi/11.3.1/../../../../arm-none-eabi/lib/thumb/v7e-m+fp/hard\libnosys.a
END GROUP
START GROUP
LOAD C:/ST/STM32CubeIDE_1.14.0/STM32CubeIDE/plugins/com.st.stm32cube.ide.mcu.externaltools.gnu-tools-for-stm32.11.3.rel1.win32_1.1.100.202309141235/tools/bin/../lib/gcc/arm-none-eabi/11.3.1/thumb/v7e-m+fp/hard\libgcc.a
LOAD C:/ST/STM32CubeIDE_1.14.0/STM32CubeIDE/plugins/com.st.stm32cube.ide.mcu.externaltools.gnu-tools-for-stm32.11.3.rel1.win32_1.1.100.202309141235/tools/bin/../lib/gcc/arm-none-eabi/11.3.1/../../../../arm-none-eabi/lib/thumb/v7e-m+fp/hard\libc_nano.a
LOAD C:/ST/STM32CubeIDE_1.14.0/STM32CubeIDE/plugins/com.st.stm32cube.ide.mcu.externaltools.gnu-tools-for-stm32.11.3.rel1.win32_1.1.100.202309141235/tools/bin/../lib/gcc/arm-none-eabi/11.3.1/../../../../arm-none-eabi/lib/thumb/v7e-m+fp/hard\libnosys.a
END GROUP
LOAD C:/ST/STM32CubeIDE_1.14.0/STM32CubeIDE/plugins/com.st.stm32cube.ide.mcu.externaltools.gnu-tools-for-stm32.11.3.rel1.win32_1.1.100.202309141235/tools/bin/../lib/gcc/arm-none-eabi/11.3.1/thumb/v7e-m+fp/hard/crtend.o
LOAD C:/ST/STM32CubeIDE_1.14.0/STM32CubeIDE/plugins/com.st.stm32cube.ide.mcu.externaltools.gnu-tools-for-stm32.11.3.rel1.win32_1.1.100.202309141235/tools/bin/../lib/gcc/arm-none-eabi/11.3.1/thumb/v7e-m+fp/hard/crtn.o
                0x0000000020010000                _estack = (ORIGIN (RAM) + LENGTH (RAM))
                0x0000000000000200                _Min_Heap_Size = 0x200
                0x0000000000000400                _Min_Stack_Size = 0x400

.isr_vector     0x0000000008000000      0x194
                0x0000000008000000                . = ALIGN (0x4)
 *(.isr_vector)
 .isr_vector    0x0000000008000000      0x194 ./Core/Startup/startup_stm32f401rctx.o
                0x0000000008000000                g_pfnVectors
                0x0000000008000194                . = ALIGN (0x4)

.text           0x0000000008000198     0x4094
                0x0000000008000198                . = ALIGN (0x4)
 *(.text)
 .text          0x0000000008000198       0x40 C:/ST/STM32CubeIDE_1.14.0/STM32CubeIDE/plugins/com.st.stm32cube.ide.mcu.externaltools.gnu-tools-for-stm32.11.3.rel1.win32_1.1.100.202309141235/tools/bin/../lib/gcc/arm-none-eabi/11.3.1/thumb/v7e-m+fp/hard/crtbegin.o
 .text          0x00000000080001d8      0x254 C:/ST/STM32CubeIDE_1.14.0/STM32CubeIDE/plugins/com.st.stm32cube.ide.mcu.externaltools.gnu-tools-for-stm32.11.3.rel1.win32_1.1.100.202309141235/tools/bin/../lib/gcc/arm-none-eabi/11.3.1/thumb/v7e-m+fp/hard\libgcc.a(_arm_muldf3.o)
                0x00000000080001d8                __muldf3
                0x00000000080001d8                __aeabi_dmul
 .text          0x000000000800042c      0x378 C:/ST/STM32CubeIDE_1.14.0/STM32CubeIDE/plugins/com.st.stm32cube.ide.mcu.externaltools.gnu-tools-for-stm32.11.3.rel1.win32_1.1.100.202309141235/tools/bin/../lib/gcc/arm-none-eabi/11.3.1/thumb/v7e-m+fp/hard\libgcc.a(_arm_addsubdf3.o)
                0x000000000800042c                __aeabi_drsub
                0x0000000008000434                __aeabi_dsub
                0x0000000008000434                __subdf3
                0x0000000008000438                __aeabi_dadd
                0x0000000008000438                __adddf3
                0x00000000080006b0                __floatunsidf
                0x00000000080006b0                __aeabi_ui2d
                0x00000000080006d0                __floatsidf
                0x00000000080006d0                __aeabi_i2d
                0x00000000080006f4                __aeabi_f2d
                0x00000000080006f4                __extendsfdf2
                0x0000000008000738                __floatundidf
                0x0000000008000738                __aeabi_ul2d
                0x0000000008000748                __floatdidf
                0x0000000008000748                __aeabi_l2d
 .text          0x00000000080007a4       0x40 C:/ST/STM32CubeIDE_1.14.0/STM32CubeIDE/plugins/com.st.stm32cube.ide.mcu.externaltools.gnu-tools-for-stm32.11.3.rel1.win32_1.1.100.202309141235/tools/bin/../lib/gcc/arm-none-eabi/11.3.1/thumb/v7e-m+fp/hard\libgcc.a(_arm_fixunsdfsi.o)
                0x00000000080007a4                __aeabi_d2uiz
                0x00000000080007a4                __fixunsdfsi
 .text          0x00000000080007e4       0x30 C:/ST/STM32CubeIDE_1.14.0/STM32CubeIDE/plugins/com.st.stm32cube.ide.mcu.externaltools.gnu-tools-for-stm32.11.3.rel1.win32_1.1.100.202309141235/tools/bin/../lib/gcc/arm-none-eabi/11.3.1/thumb/v7e-m+fp/hard\libgcc.a(_aeabi_uldivmod.o)
                0x00000000080007e4                __aeabi_uldivmod
 .text          0x0000000008000814      0x2c8 C:/ST/STM32CubeIDE_1.14.0/STM32CubeIDE/plugins/com.st.stm32cube.ide.mcu.externaltools.gnu-tools-for-stm32.11.3.rel1.win32_1.1.100.202309141235/tools/bin/../lib/gcc/arm-none-eabi/11.3.1/thumb/v7e-m+fp/hard\libgcc.a(_udivmoddi4.o)
                0x0000000008000814                __udivmoddi4
 .text          0x0000000008000adc        0x4 C:/ST/STM32CubeIDE_1.14.0/STM32CubeIDE/plugins/com.st.stm32cube.ide.mcu.externaltools.gnu-tools-for-stm32.11.3.rel1.win32_1.1.100.202309141235/tools/bin/../lib/gcc/arm-none-eabi/11.3.1/thumb/v7e-m+fp/hard\libgcc.a(_dvmd_tls.o)
                0x0000000008000adc                __aeabi_idiv0
                0x0000000008000adc                __aeabi_ldiv0
 *(.text*)
 .text.MX_GPIO_Init
                0x0000000008000ae0       0xf8 ./Core/Src/gpio.o
                0x0000000008000ae0                MX_GPIO_Init
 .text.main     0x0000000008000bd8      0x198 ./Core/Src/main.o
                0x0000000008000bd8                main
 .text.SystemClock_Config
                0x0000000008000d70       0xd4 ./Core/Src/main.o
                0x0000000008000d70                SystemClock_Config
 .text.Error_Handler
                0x0000000008000e44        0xa ./Core/Src/main.o
                0x0000000008000e44                Error_Handler
 *fill*         0x0000000008000e4e        0x2 
 .text.HAL_MspInit
                0x0000000008000e50       0x50 ./Core/Src/stm32f4xx_hal_msp.o
                0x0000000008000e50                HAL_MspInit
 .text.NMI_Handler
                0x0000000008000ea0        0x6 ./Core/Src/stm32f4xx_it.o
                0x0000000008000ea0                NMI_Handler
 .text.HardFault_Handler
                0x0000000008000ea6        0x6 ./Core/Src/stm32f4xx_it.o
                0x0000000008000ea6                HardFault_Handler
 .text.MemManage_Handler
                0x0000000008000eac        0x6 ./Core/Src/stm32f4xx_it.o
                0x0000000008000eac                MemManage_Handler
 .text.BusFault_Handler
                0x0000000008000eb2        0x6 ./Core/Src/stm32f4xx_it.o
                0x0000000008000eb2                BusFault_Handler
 .text.UsageFault_Handler
                0x0000000008000eb8        0x6 ./Core/Src/stm32f4xx_it.o
                0x0000000008000eb8                UsageFault_Handler
 .text.SVC_Handler
                0x0000000008000ebe        0xe ./Core/Src/stm32f4xx_it.o
                0x0000000008000ebe                SVC_Handler
 .text.DebugMon_Handler
                0x0000000008000ecc        0xe ./Core/Src/stm32f4xx_it.o
                0x0000000008000ecc                DebugMon_Handler
 .text.PendSV_Handler
                0x0000000008000eda        0xe ./Core/Src/stm32f4xx_it.o
                0x0000000008000eda                PendSV_Handler
 .text.SysTick_Handler
                0x0000000008000ee8        0xc ./Core/Src/stm32f4xx_it.o
                0x0000000008000ee8                SysTick_Handler
 .text.TIM2_IRQHandler
                0x0000000008000ef4       0x14 ./Core/Src/stm32f4xx_it.o
                0x0000000008000ef4                TIM2_IRQHandler
 .text.SystemInit
                0x0000000008000f08       0x24 ./Core/Src/system_stm32f4xx.o
                0x0000000008000f08                SystemInit
 .text.MX_TIM2_Init
                0x0000000008000f2c       0xa4 ./Core/Src/tim.o
                0x0000000008000f2c                MX_TIM2_Init
 .text.MX_TIM3_Init
                0x0000000008000fd0       0xf4 ./Core/Src/tim.o
                0x0000000008000fd0                MX_TIM3_Init
 .text.HAL_TIM_IC_MspInit
                0x00000000080010c4       0x9c ./Core/Src/tim.o
                0x00000000080010c4                HAL_TIM_IC_MspInit
 .text.HAL_TIM_PWM_MspInit
                0x0000000008001160       0x44 ./Core/Src/tim.o
                0x0000000008001160                HAL_TIM_PWM_MspInit
 .text.HAL_TIM_MspPostInit
                0x00000000080011a4       0xb4 ./Core/Src/tim.o
                0x00000000080011a4                HAL_TIM_MspPostInit
 .text.MX_USART1_UART_Init
                0x0000000008001258       0x54 ./Core/Src/usart.o
                0x0000000008001258                MX_USART1_UART_Init
 .text.HAL_UART_MspInit
                0x00000000080012ac       0x90 ./Core/Src/usart.o
                0x00000000080012ac                HAL_UART_MspInit
 .text.Reset_Handler
                0x000000000800133c       0x50 ./Core/Startup/startup_stm32f401rctx.o
                0x000000000800133c                Reset_Handler
 .text.Default_Handler
                0x000000000800138c        0x2 ./Core/Startup/startup_stm32f401rctx.o
                0x000000000800138c                RTC_Alarm_IRQHandler
                0x000000000800138c                EXTI2_IRQHandler
                0x000000000800138c                SPI4_IRQHandler
                0x000000000800138c                TIM1_CC_IRQHandler
                0x000000000800138c                DMA2_Stream5_IRQHandler
                0x000000000800138c                DMA1_Stream5_IRQHandler
                0x000000000800138c                PVD_IRQHandler
                0x000000000800138c                SDIO_IRQHandler
                0x000000000800138c                TAMP_STAMP_IRQHandler
                0x000000000800138c                EXTI3_IRQHandler
                0x000000000800138c                TIM1_UP_TIM10_IRQHandler
                0x000000000800138c                I2C3_ER_IRQHandler
                0x000000000800138c                EXTI0_IRQHandler
                0x000000000800138c                I2C2_EV_IRQHandler
                0x000000000800138c                DMA1_Stream2_IRQHandler
                0x000000000800138c                FPU_IRQHandler
                0x000000000800138c                DMA2_Stream2_IRQHandler
                0x000000000800138c                SPI1_IRQHandler
                0x000000000800138c                TIM1_BRK_TIM9_IRQHandler
                0x000000000800138c                DMA2_Stream3_IRQHandler
                0x000000000800138c                USART6_IRQHandler
                0x000000000800138c                DMA2_Stream0_IRQHandler
                0x000000000800138c                TIM4_IRQHandler
                0x000000000800138c                I2C1_EV_IRQHandler
                0x000000000800138c                DMA1_Stream6_IRQHandler
                0x000000000800138c                DMA1_Stream1_IRQHandler
                0x000000000800138c                TIM3_IRQHandler
                0x000000000800138c                RCC_IRQHandler
                0x000000000800138c                Default_Handler
                0x000000000800138c                EXTI15_10_IRQHandler
                0x000000000800138c                ADC_IRQHandler
                0x000000000800138c                DMA1_Stream7_IRQHandler
                0x000000000800138c                TIM5_IRQHandler
                0x000000000800138c                DMA2_Stream7_IRQHandler
                0x000000000800138c                I2C3_EV_IRQHandler
                0x000000000800138c                EXTI9_5_IRQHandler
                0x000000000800138c                RTC_WKUP_IRQHandler
                0x000000000800138c                SPI2_IRQHandler
                0x000000000800138c                DMA1_Stream0_IRQHandler
                0x000000000800138c                EXTI4_IRQHandler
                0x000000000800138c                WWDG_IRQHandler
                0x000000000800138c                OTG_FS_WKUP_IRQHandler
                0x000000000800138c                TIM1_TRG_COM_TIM11_IRQHandler
                0x000000000800138c                EXTI1_IRQHandler
                0x000000000800138c                USART2_IRQHandler
                0x000000000800138c                I2C2_ER_IRQHandler
                0x000000000800138c                DMA2_Stream1_IRQHandler
                0x000000000800138c                FLASH_IRQHandler
                0x000000000800138c                DMA2_Stream4_IRQHandler
                0x000000000800138c                USART1_IRQHandler
                0x000000000800138c                OTG_FS_IRQHandler
                0x000000000800138c                SPI3_IRQHandler
                0x000000000800138c                DMA1_Stream4_IRQHandler
                0x000000000800138c                I2C1_ER_IRQHandler
                0x000000000800138c                DMA2_Stream6_IRQHandler
                0x000000000800138c                DMA1_Stream3_IRQHandler
 *fill*         0x000000000800138e        0x2 
 .text.HAL_Init
                0x0000000008001390       0x44 ./Drivers/STM32F4xx_HAL_Driver/Src/stm32f4xx_hal.o
                0x0000000008001390                HAL_Init
 .text.HAL_InitTick
                0x00000000080013d4       0x60 ./Drivers/STM32F4xx_HAL_Driver/Src/stm32f4xx_hal.o
                0x00000000080013d4                HAL_InitTick
 .text.HAL_IncTick
                0x0000000008001434       0x28 ./Drivers/STM32F4xx_HAL_Driver/Src/stm32f4xx_hal.o
                0x0000000008001434                HAL_IncTick
 .text.HAL_GetTick
                0x000000000800145c       0x18 ./Drivers/STM32F4xx_HAL_Driver/Src/stm32f4xx_hal.o
                0x000000000800145c                HAL_GetTick
 .text.HAL_Delay
                0x0000000008001474       0x48 ./Drivers/STM32F4xx_HAL_Driver/Src/stm32f4xx_hal.o
                0x0000000008001474                HAL_Delay
 .text.__NVIC_SetPriorityGrouping
                0x00000000080014bc       0x48 ./Drivers/STM32F4xx_HAL_Driver/Src/stm32f4xx_hal_cortex.o
 .text.__NVIC_GetPriorityGrouping
                0x0000000008001504       0x1c ./Drivers/STM32F4xx_HAL_Driver/Src/stm32f4xx_hal_cortex.o
 .text.__NVIC_EnableIRQ
                0x0000000008001520       0x3c ./Drivers/STM32F4xx_HAL_Driver/Src/stm32f4xx_hal_cortex.o
 .text.__NVIC_SetPriority
                0x000000000800155c       0x54 ./Drivers/STM32F4xx_HAL_Driver/Src/stm32f4xx_hal_cortex.o
 .text.NVIC_EncodePriority
                0x00000000080015b0       0x66 ./Drivers/STM32F4xx_HAL_Driver/Src/stm32f4xx_hal_cortex.o
 *fill*         0x0000000008001616        0x2 
 .text.SysTick_Config
                0x0000000008001618       0x44 ./Drivers/STM32F4xx_HAL_Driver/Src/stm32f4xx_hal_cortex.o
 .text.HAL_NVIC_SetPriorityGrouping
                0x000000000800165c       0x16 ./Drivers/STM32F4xx_HAL_Driver/Src/stm32f4xx_hal_cortex.o
                0x000000000800165c                HAL_NVIC_SetPriorityGrouping
 .text.HAL_NVIC_SetPriority
                0x0000000008001672       0x38 ./Drivers/STM32F4xx_HAL_Driver/Src/stm32f4xx_hal_cortex.o
                0x0000000008001672                HAL_NVIC_SetPriority
 .text.HAL_NVIC_EnableIRQ
                0x00000000080016aa       0x1c ./Drivers/STM32F4xx_HAL_Driver/Src/stm32f4xx_hal_cortex.o
                0x00000000080016aa                HAL_NVIC_EnableIRQ
 .text.HAL_SYSTICK_Config
                0x00000000080016c6       0x18 ./Drivers/STM32F4xx_HAL_Driver/Src/stm32f4xx_hal_cortex.o
                0x00000000080016c6                HAL_SYSTICK_Config
 *fill*         0x00000000080016de        0x2 
 .text.HAL_GPIO_Init
                0x00000000080016e0      0x308 ./Drivers/STM32F4xx_HAL_Driver/Src/stm32f4xx_hal_gpio.o
                0x00000000080016e0                HAL_GPIO_Init
 .text.HAL_GPIO_WritePin
                0x00000000080019e8       0x32 ./Drivers/STM32F4xx_HAL_Driver/Src/stm32f4xx_hal_gpio.o
                0x00000000080019e8                HAL_GPIO_WritePin
 .text.HAL_GPIO_TogglePin
                0x0000000008001a1a       0x34 ./Drivers/STM32F4xx_HAL_Driver/Src/stm32f4xx_hal_gpio.o
                0x0000000008001a1a                HAL_GPIO_TogglePin
 *fill*         0x0000000008001a4e        0x2 
 .text.HAL_RCC_OscConfig
                0x0000000008001a50      0x4f0 ./Drivers/STM32F4xx_HAL_Driver/Src/stm32f4xx_hal_rcc.o
                0x0000000008001a50                HAL_RCC_OscConfig
 .text.HAL_RCC_ClockConfig
                0x0000000008001f40      0x1cc ./Drivers/STM32F4xx_HAL_Driver/Src/stm32f4xx_hal_rcc.o
                0x0000000008001f40                HAL_RCC_ClockConfig
 .text.HAL_RCC_GetSysClockFreq
                0x000000000800210c      0x18c ./Drivers/STM32F4xx_HAL_Driver/Src/stm32f4xx_hal_rcc.o
                0x000000000800210c                HAL_RCC_GetSysClockFreq
 .text.HAL_RCC_GetHCLKFreq
                0x0000000008002298       0x18 ./Drivers/STM32F4xx_HAL_Driver/Src/stm32f4xx_hal_rcc.o
                0x0000000008002298                HAL_RCC_GetHCLKFreq
 .text.HAL_RCC_GetPCLK1Freq
                0x00000000080022b0       0x28 ./Drivers/STM32F4xx_HAL_Driver/Src/stm32f4xx_hal_rcc.o
                0x00000000080022b0                HAL_RCC_GetPCLK1Freq
 .text.HAL_RCC_GetPCLK2Freq
                0x00000000080022d8       0x28 ./Drivers/STM32F4xx_HAL_Driver/Src/stm32f4xx_hal_rcc.o
                0x00000000080022d8                HAL_RCC_GetPCLK2Freq
 .text.HAL_TIM_PWM_Init
                0x0000000008002300       0x9e ./Drivers/STM32F4xx_HAL_Driver/Src/stm32f4xx_hal_tim.o
                0x0000000008002300                HAL_TIM_PWM_Init
 *fill*         0x000000000800239e        0x2 
 .text.HAL_TIM_PWM_Start
                0x00000000080023a0      0x160 ./Drivers/STM32F4xx_HAL_Driver/Src/stm32f4xx_hal_tim.o
                0x00000000080023a0                HAL_TIM_PWM_Start
 .text.HAL_TIM_IC_Init
                0x0000000008002500       0x9e ./Drivers/STM32F4xx_HAL_Driver/Src/stm32f4xx_hal_tim.o
                0x0000000008002500                HAL_TIM_IC_Init
 *fill*         0x000000000800259e        0x2 
 .text.HAL_TIM_IC_Start_IT
                0x00000000080025a0      0x234 ./Drivers/STM32F4xx_HAL_Driver/Src/stm32f4xx_hal_tim.o
                0x00000000080025a0                HAL_TIM_IC_Start_IT
 .text.HAL_TIM_IRQHandler
                0x00000000080027d4      0x1e0 ./Drivers/STM32F4xx_HAL_Driver/Src/stm32f4xx_hal_tim.o
                0x00000000080027d4                HAL_TIM_IRQHandler
 .text.HAL_TIM_IC_ConfigChannel
                0x00000000080029b4      0x138 ./Drivers/STM32F4xx_HAL_Driver/Src/stm32f4xx_hal_tim.o
                0x00000000080029b4                HAL_TIM_IC_ConfigChannel
 .text.HAL_TIM_PWM_ConfigChannel
                0x0000000008002aec      0x184 ./Drivers/STM32F4xx_HAL_Driver/Src/stm32f4xx_hal_tim.o
                0x0000000008002aec                HAL_TIM_PWM_ConfigChannel
 .text.HAL_TIM_ReadCapturedValue
                0x0000000008002c70       0x88 ./Drivers/STM32F4xx_HAL_Driver/Src/stm32f4xx_hal_tim.o
                0x0000000008002c70                HAL_TIM_ReadCapturedValue
 .text.HAL_TIM_PeriodElapsedCallback
                0x0000000008002cf8       0x14 ./Drivers/STM32F4xx_HAL_Driver/Src/stm32f4xx_hal_tim.o
                0x0000000008002cf8                HAL_TIM_PeriodElapsedCallback
 .text.HAL_TIM_OC_DelayElapsedCallback
                0x0000000008002d0c       0x14 ./Drivers/STM32F4xx_HAL_Driver/Src/stm32f4xx_hal_tim.o
                0x0000000008002d0c                HAL_TIM_OC_DelayElapsedCallback
 .text.HAL_TIM_PWM_PulseFinishedCallback
                0x0000000008002d20       0x14 ./Drivers/STM32F4xx_HAL_Driver/Src/stm32f4xx_hal_tim.o
                0x0000000008002d20                HAL_TIM_PWM_PulseFinishedCallback
 .text.HAL_TIM_TriggerCallback
                0x0000000008002d34       0x14 ./Drivers/STM32F4xx_HAL_Driver/Src/stm32f4xx_hal_tim.o
                0x0000000008002d34                HAL_TIM_TriggerCallback
 .text.TIM_Base_SetConfig
                0x0000000008002d48      0x118 ./Drivers/STM32F4xx_HAL_Driver/Src/stm32f4xx_hal_tim.o
                0x0000000008002d48                TIM_Base_SetConfig
 .text.TIM_OC1_SetConfig
                0x0000000008002e60       0xcc ./Drivers/STM32F4xx_HAL_Driver/Src/stm32f4xx_hal_tim.o
 .text.TIM_OC2_SetConfig
                0x0000000008002f2c       0xd8 ./Drivers/STM32F4xx_HAL_Driver/Src/stm32f4xx_hal_tim.o
                0x0000000008002f2c                TIM_OC2_SetConfig
 .text.TIM_OC3_SetConfig
                0x0000000008003004       0xd4 ./Drivers/STM32F4xx_HAL_Driver/Src/stm32f4xx_hal_tim.o
 .text.TIM_OC4_SetConfig
                0x00000000080030d8       0xa0 ./Drivers/STM32F4xx_HAL_Driver/Src/stm32f4xx_hal_tim.o
 .text.TIM_TI1_SetConfig
                0x0000000008003178       0xd0 ./Drivers/STM32F4xx_HAL_Driver/Src/stm32f4xx_hal_tim.o
                0x0000000008003178                TIM_TI1_SetConfig
 .text.TIM_TI2_SetConfig
                0x0000000008003248       0x7a ./Drivers/STM32F4xx_HAL_Driver/Src/stm32f4xx_hal_tim.o
 .text.TIM_TI3_SetConfig
                0x00000000080032c2       0x78 ./Drivers/STM32F4xx_HAL_Driver/Src/stm32f4xx_hal_tim.o
 .text.TIM_TI4_SetConfig
                0x000000000800333a       0x7a ./Drivers/STM32F4xx_HAL_Driver/Src/stm32f4xx_hal_tim.o
 .text.TIM_CCxChannelCmd
                0x00000000080033b4       0x4a ./Drivers/STM32F4xx_HAL_Driver/Src/stm32f4xx_hal_tim.o
                0x00000000080033b4                TIM_CCxChannelCmd
 *fill*         0x00000000080033fe        0x2 
 .text.HAL_TIMEx_MasterConfigSynchronization
                0x0000000008003400       0xdc ./Drivers/STM32F4xx_HAL_Driver/Src/stm32f4xx_hal_tim_ex.o
                0x0000000008003400                HAL_TIMEx_MasterConfigSynchronization
 .text.HAL_TIMEx_CommutCallback
                0x00000000080034dc       0x14 ./Drivers/STM32F4xx_HAL_Driver/Src/stm32f4xx_hal_tim_ex.o
                0x00000000080034dc                HAL_TIMEx_CommutCallback
 .text.HAL_TIMEx_BreakCallback
                0x00000000080034f0       0x14 ./Drivers/STM32F4xx_HAL_Driver/Src/stm32f4xx_hal_tim_ex.o
                0x00000000080034f0                HAL_TIMEx_BreakCallback
 .text.HAL_UART_Init
                0x0000000008003504       0xa0 ./Drivers/STM32F4xx_HAL_Driver/Src/stm32f4xx_hal_uart.o
                0x0000000008003504                HAL_UART_Init
 .text.HAL_UART_Receive
                0x00000000080035a4      0x12e ./Drivers/STM32F4xx_HAL_Driver/Src/stm32f4xx_hal_uart.o
                0x00000000080035a4                HAL_UART_Receive
 .text.UART_WaitOnFlagUntilTimeout
                0x00000000080036d2       0xb2 ./Drivers/STM32F4xx_HAL_Driver/Src/stm32f4xx_hal_uart.o
 .text.UART_EndRxTransfer
                0x0000000008003784       0xc6 ./Drivers/STM32F4xx_HAL_Driver/Src/stm32f4xx_hal_uart.o
 *fill*         0x000000000800384a        0x2 
 .text.UART_SetConfig
                0x000000000800384c      0x4e8 ./Drivers/STM32F4xx_HAL_Driver/Src/stm32f4xx_hal_uart.o
 .text.Rover_Initialize
                0x0000000008003d34       0x48 ./HAL/Motor/motor.o
                0x0000000008003d34                Rover_Initialize
 .text.Rover_Forward
                0x0000000008003d7c       0x38 ./HAL/Motor/motor.o
                0x0000000008003d7c                Rover_Forward
 .text.Rover_Backward
                0x0000000008003db4       0x38 ./HAL/Motor/motor.o
                0x0000000008003db4                Rover_Backward
 .text.Rover_Right
                0x0000000008003dec       0x38 ./HAL/Motor/motor.o
                0x0000000008003dec                Rover_Right
 .text.Rover_Left
                0x0000000008003e24       0x38 ./HAL/Motor/motor.o
                0x0000000008003e24                Rover_Left
 .text.Rover_Stop
                0x0000000008003e5c       0x40 ./HAL/Motor/motor.o
                0x0000000008003e5c                Rover_Stop
 .text.Rover_Change_Speed
                0x0000000008003e9c       0x68 ./HAL/Motor/motor.o
                0x0000000008003e9c                Rover_Change_Speed
 .text.Set_Speed
                0x0000000008003f04       0x80 ./HAL/Motor/motor.o
 .text.adjust_PWM_dutyCycle
                0x0000000008003f84       0x84 ./HAL/Motor/motor.o
 .text.Delay_10US
                0x0000000008004008       0x28 ./HAL/Ultrasonic/ultrasonic.o
 .text.Ultrasnoic_Initialize
                0x0000000008004030       0x20 ./HAL/Ultrasonic/ultrasonic.o
                0x0000000008004030                Ultrasnoic_Initialize
 .text.Ultrasonic_Get_Distance
                0x0000000008004050       0x38 ./HAL/Ultrasonic/ultrasonic.o
                0x0000000008004050                Ultrasonic_Get_Distance
 .text.HAL_TIM_IC_CaptureCallback
                0x0000000008004088      0x134 ./HAL/Ultrasonic/ultrasonic.o
                0x0000000008004088                HAL_TIM_IC_CaptureCallback
 .text.memset   0x00000000080041bc       0x10 C:/ST/STM32CubeIDE_1.14.0/STM32CubeIDE/plugins/com.st.stm32cube.ide.mcu.externaltools.gnu-tools-for-stm32.11.3.rel1.win32_1.1.100.202309141235/tools/bin/../lib/gcc/arm-none-eabi/11.3.1/../../../../arm-none-eabi/lib/thumb/v7e-m+fp/hard\libc_nano.a(libc_a-memset.o)
                0x00000000080041bc                memset
 .text.__libc_init_array
                0x00000000080041cc       0x48 C:/ST/STM32CubeIDE_1.14.0/STM32CubeIDE/plugins/com.st.stm32cube.ide.mcu.externaltools.gnu-tools-for-stm32.11.3.rel1.win32_1.1.100.202309141235/tools/bin/../lib/gcc/arm-none-eabi/11.3.1/../../../../arm-none-eabi/lib/thumb/v7e-m+fp/hard\libc_nano.a(libc_a-init.o)
                0x00000000080041cc                __libc_init_array
 *(.glue_7)
 .glue_7        0x0000000008004214        0x0 linker stubs
 *(.glue_7t)
 .glue_7t       0x0000000008004214        0x0 linker stubs
 *(.eh_frame)
 .eh_frame      0x0000000008004214        0x0 C:/ST/STM32CubeIDE_1.14.0/STM32CubeIDE/plugins/com.st.stm32cube.ide.mcu.externaltools.gnu-tools-for-stm32.11.3.rel1.win32_1.1.100.202309141235/tools/bin/../lib/gcc/arm-none-eabi/11.3.1/thumb/v7e-m+fp/hard/crtbegin.o
 *(.init)
 .init          0x0000000008004214        0x4 C:/ST/STM32CubeIDE_1.14.0/STM32CubeIDE/plugins/com.st.stm32cube.ide.mcu.externaltools.gnu-tools-for-stm32.11.3.rel1.win32_1.1.100.202309141235/tools/bin/../lib/gcc/arm-none-eabi/11.3.1/thumb/v7e-m+fp/hard/crti.o
                0x0000000008004214                _init
 .init          0x0000000008004218        0x8 C:/ST/STM32CubeIDE_1.14.0/STM32CubeIDE/plugins/com.st.stm32cube.ide.mcu.externaltools.gnu-tools-for-stm32.11.3.rel1.win32_1.1.100.202309141235/tools/bin/../lib/gcc/arm-none-eabi/11.3.1/thumb/v7e-m+fp/hard/crtn.o
 *(.fini)
 .fini          0x0000000008004220        0x4 C:/ST/STM32CubeIDE_1.14.0/STM32CubeIDE/plugins/com.st.stm32cube.ide.mcu.externaltools.gnu-tools-for-stm32.11.3.rel1.win32_1.1.100.202309141235/tools/bin/../lib/gcc/arm-none-eabi/11.3.1/thumb/v7e-m+fp/hard/crti.o
                0x0000000008004220                _fini
 .fini          0x0000000008004224        0x8 C:/ST/STM32CubeIDE_1.14.0/STM32CubeIDE/plugins/com.st.stm32cube.ide.mcu.externaltools.gnu-tools-for-stm32.11.3.rel1.win32_1.1.100.202309141235/tools/bin/../lib/gcc/arm-none-eabi/11.3.1/thumb/v7e-m+fp/hard/crtn.o
                0x000000000800422c                . = ALIGN (0x4)
                0x000000000800422c                _etext = .

.vfp11_veneer   0x000000000800422c        0x0
 .vfp11_veneer  0x000000000800422c        0x0 linker stubs

.v4_bx          0x000000000800422c        0x0
 .v4_bx         0x000000000800422c        0x0 linker stubs

.iplt           0x000000000800422c        0x0
 .iplt          0x000000000800422c        0x0 C:/ST/STM32CubeIDE_1.14.0/STM32CubeIDE/plugins/com.st.stm32cube.ide.mcu.externaltools.gnu-tools-for-stm32.11.3.rel1.win32_1.1.100.202309141235/tools/bin/../lib/gcc/arm-none-eabi/11.3.1/thumb/v7e-m+fp/hard/crtbegin.o

.rodata         0x000000000800422c       0x18
                0x000000000800422c                . = ALIGN (0x4)
 *(.rodata)
 *(.rodata*)
 .rodata.AHBPrescTable
                0x000000000800422c       0x10 ./Core/Src/system_stm32f4xx.o
                0x000000000800422c                AHBPrescTable
 .rodata.APBPrescTable
                0x000000000800423c        0x8 ./Core/Src/system_stm32f4xx.o
                0x000000000800423c                APBPrescTable
                0x0000000008004244                . = ALIGN (0x4)

.ARM.extab      0x0000000008004244        0x0
                0x0000000008004244                . = ALIGN (0x4)
 *(.ARM.extab* .gnu.linkonce.armextab.*)
                0x0000000008004244                . = ALIGN (0x4)

.ARM            0x0000000008004244        0x8
                0x0000000008004244                . = ALIGN (0x4)
                0x0000000008004244                __exidx_start = .
 *(.ARM.exidx*)
 .ARM.exidx     0x0000000008004244        0x8 C:/ST/STM32CubeIDE_1.14.0/STM32CubeIDE/plugins/com.st.stm32cube.ide.mcu.externaltools.gnu-tools-for-stm32.11.3.rel1.win32_1.1.100.202309141235/tools/bin/../lib/gcc/arm-none-eabi/11.3.1/thumb/v7e-m+fp/hard\libgcc.a(_udivmoddi4.o)
                0x000000000800424c                __exidx_end = .
                0x000000000800424c                . = ALIGN (0x4)

.rel.dyn        0x000000000800424c        0x0
 .rel.iplt      0x000000000800424c        0x0 C:/ST/STM32CubeIDE_1.14.0/STM32CubeIDE/plugins/com.st.stm32cube.ide.mcu.externaltools.gnu-tools-for-stm32.11.3.rel1.win32_1.1.100.202309141235/tools/bin/../lib/gcc/arm-none-eabi/11.3.1/thumb/v7e-m+fp/hard/crtbegin.o

.preinit_array  0x000000000800424c        0x0
                0x000000000800424c                . = ALIGN (0x4)
                0x000000000800424c                PROVIDE (__preinit_array_start = .)
 *(.preinit_array*)
                0x000000000800424c                PROVIDE (__preinit_array_end = .)
                0x000000000800424c                . = ALIGN (0x4)

.init_array     0x000000000800424c        0x4
                0x000000000800424c                . = ALIGN (0x4)
                0x000000000800424c                PROVIDE (__init_array_start = .)
 *(SORT_BY_NAME(.init_array.*))
 *(.init_array*)
 .init_array    0x000000000800424c        0x4 C:/ST/STM32CubeIDE_1.14.0/STM32CubeIDE/plugins/com.st.stm32cube.ide.mcu.externaltools.gnu-tools-for-stm32.11.3.rel1.win32_1.1.100.202309141235/tools/bin/../lib/gcc/arm-none-eabi/11.3.1/thumb/v7e-m+fp/hard/crtbegin.o
                0x0000000008004250                PROVIDE (__init_array_end = .)
                0x0000000008004250                . = ALIGN (0x4)

.fini_array     0x0000000008004250        0x4
                0x0000000008004250                . = ALIGN (0x4)
                [!provide]                        PROVIDE (__fini_array_start = .)
 *(SORT_BY_NAME(.fini_array.*))
 *(.fini_array*)
 .fini_array    0x0000000008004250        0x4 C:/ST/STM32CubeIDE_1.14.0/STM32CubeIDE/plugins/com.st.stm32cube.ide.mcu.externaltools.gnu-tools-for-stm32.11.3.rel1.win32_1.1.100.202309141235/tools/bin/../lib/gcc/arm-none-eabi/11.3.1/thumb/v7e-m+fp/hard/crtbegin.o
                [!provide]                        PROVIDE (__fini_array_end = .)
                0x0000000008004254                . = ALIGN (0x4)
                0x0000000008004254                _sidata = LOADADDR (.data)

.data           0x0000000020000000        0xc load address 0x0000000008004254
                0x0000000020000000                . = ALIGN (0x4)
                0x0000000020000000                _sdata = .
 *(.data)
 *(.data*)
 .data.SystemCoreClock
                0x0000000020000000        0x4 ./Core/Src/system_stm32f4xx.o
                0x0000000020000000                SystemCoreClock
 .data.uwTickPrio
                0x0000000020000004        0x4 ./Drivers/STM32F4xx_HAL_Driver/Src/stm32f4xx_hal.o
                0x0000000020000004                uwTickPrio
 .data.uwTickFreq
                0x0000000020000008        0x1 ./Drivers/STM32F4xx_HAL_Driver/Src/stm32f4xx_hal.o
                0x0000000020000008                uwTickFreq
 *(.RamFunc)
 *(.RamFunc*)
                0x000000002000000c                . = ALIGN (0x4)
 *fill*         0x0000000020000009        0x3 
                0x000000002000000c                _edata = .

.igot.plt       0x000000002000000c        0x0 load address 0x0000000008004260
 .igot.plt      0x000000002000000c        0x0 C:/ST/STM32CubeIDE_1.14.0/STM32CubeIDE/plugins/com.st.stm32cube.ide.mcu.externaltools.gnu-tools-for-stm32.11.3.rel1.win32_1.1.100.202309141235/tools/bin/../lib/gcc/arm-none-eabi/11.3.1/thumb/v7e-m+fp/hard/crtbegin.o
                0x000000002000000c                . = ALIGN (0x4)

.bss            0x000000002000000c      0x10c load address 0x0000000008004260
                0x000000002000000c                _sbss = .
                0x000000002000000c                __bss_start__ = _sbss
 *(.bss)
 .bss           0x000000002000000c       0x1c C:/ST/STM32CubeIDE_1.14.0/STM32CubeIDE/plugins/com.st.stm32cube.ide.mcu.externaltools.gnu-tools-for-stm32.11.3.rel1.win32_1.1.100.202309141235/tools/bin/../lib/gcc/arm-none-eabi/11.3.1/thumb/v7e-m+fp/hard/crtbegin.o
 *(.bss*)
 .bss.distance  0x0000000020000028        0x2 ./Core/Src/main.o
                0x0000000020000028                distance
 .bss.isReadingFinished
                0x000000002000002a        0x1 ./Core/Src/main.o
                0x000000002000002a                isReadingFinished
 *fill*         0x000000002000002b        0x1 
 .bss.htim2     0x000000002000002c       0x48 ./Core/Src/tim.o
                0x000000002000002c                htim2
 .bss.htim3     0x0000000020000074       0x48 ./Core/Src/tim.o
                0x0000000020000074                htim3
 .bss.huart1    0x00000000200000bc       0x48 ./Core/Src/usart.o
                0x00000000200000bc                huart1
 .bss.uwTick    0x0000000020000104        0x4 ./Drivers/STM32F4xx_HAL_Driver/Src/stm32f4xx_hal.o
                0x0000000020000104                uwTick
 .bss.lastSpeed
                0x0000000020000108        0x1 ./HAL/Motor/motor.o
                0x0000000020000108                lastSpeed
 .bss.speed     0x0000000020000109        0x1 ./HAL/Motor/motor.o
                0x0000000020000109                speed
 .bss.isRisingCaptured
                0x000000002000010a        0x1 ./HAL/Ultrasonic/ultrasonic.o
 *fill*         0x000000002000010b        0x1 
 .bss.IC_Value1
                0x000000002000010c        0x4 ./HAL/Ultrasonic/ultrasonic.o
 .bss.IC_Value2
                0x0000000020000110        0x4 ./HAL/Ultrasonic/ultrasonic.o
 .bss.IC_Difference
                0x0000000020000114        0x4 ./HAL/Ultrasonic/ultrasonic.o
 *(COMMON)
                0x0000000020000118                . = ALIGN (0x4)
                0x0000000020000118                _ebss = .
                0x0000000020000118                __bss_end__ = _ebss

._user_heap_stack
                0x0000000020000118      0x600 load address 0x0000000008004260
                0x0000000020000118                . = ALIGN (0x8)
                [!provide]                        PROVIDE (end = .)
                0x0000000020000118                PROVIDE (_end = .)
                0x0000000020000318                . = (. + _Min_Heap_Size)
 *fill*         0x0000000020000118      0x200 
                0x0000000020000718                . = (. + _Min_Stack_Size)
 *fill*         0x0000000020000318      0x400 
                0x0000000020000718                . = ALIGN (0x8)

/DISCARD/
 libc.a(*)
 libm.a(*)
 libgcc.a(*)

.ARM.attributes
                0x0000000000000000       0x30
 *(.ARM.attributes)
 .ARM.attributes
                0x0000000000000000       0x1e C:/ST/STM32CubeIDE_1.14.0/STM32CubeIDE/plugins/com.st.stm32cube.ide.mcu.externaltools.gnu-tools-for-stm32.11.3.rel1.win32_1.1.100.202309141235/tools/bin/../lib/gcc/arm-none-eabi/11.3.1/thumb/v7e-m+fp/hard/crti.o
 .ARM.attributes
                0x000000000000001e       0x34 C:/ST/STM32CubeIDE_1.14.0/STM32CubeIDE/plugins/com.st.stm32cube.ide.mcu.externaltools.gnu-tools-for-stm32.11.3.rel1.win32_1.1.100.202309141235/tools/bin/../lib/gcc/arm-none-eabi/11.3.1/thumb/v7e-m+fp/hard/crtbegin.o
 .ARM.attributes
                0x0000000000000052       0x34 ./Core/Src/gpio.o
 .ARM.attributes
                0x0000000000000086       0x34 ./Core/Src/main.o
 .ARM.attributes
                0x00000000000000ba       0x34 ./Core/Src/stm32f4xx_hal_msp.o
 .ARM.attributes
                0x00000000000000ee       0x34 ./Core/Src/stm32f4xx_it.o
 .ARM.attributes
                0x0000000000000122       0x34 ./Core/Src/system_stm32f4xx.o
 .ARM.attributes
                0x0000000000000156       0x34 ./Core/Src/tim.o
 .ARM.attributes
                0x000000000000018a       0x34 ./Core/Src/usart.o
 .ARM.attributes
                0x00000000000001be       0x21 ./Core/Startup/startup_stm32f401rctx.o
 .ARM.attributes
                0x00000000000001df       0x34 ./Drivers/STM32F4xx_HAL_Driver/Src/stm32f4xx_hal.o
 .ARM.attributes
                0x0000000000000213       0x34 ./Drivers/STM32F4xx_HAL_Driver/Src/stm32f4xx_hal_cortex.o
 .ARM.attributes
                0x0000000000000247       0x34 ./Drivers/STM32F4xx_HAL_Driver/Src/stm32f4xx_hal_gpio.o
 .ARM.attributes
                0x000000000000027b       0x34 ./Drivers/STM32F4xx_HAL_Driver/Src/stm32f4xx_hal_rcc.o
 .ARM.attributes
                0x00000000000002af       0x34 ./Drivers/STM32F4xx_HAL_Driver/Src/stm32f4xx_hal_tim.o
 .ARM.attributes
                0x00000000000002e3       0x34 ./Drivers/STM32F4xx_HAL_Driver/Src/stm32f4xx_hal_tim_ex.o
 .ARM.attributes
                0x0000000000000317       0x34 ./Drivers/STM32F4xx_HAL_Driver/Src/stm32f4xx_hal_uart.o
 .ARM.attributes
                0x000000000000034b       0x34 ./HAL/Motor/motor.o
 .ARM.attributes
                0x000000000000037f       0x34 ./HAL/Ultrasonic/ultrasonic.o
 .ARM.attributes
                0x00000000000003b3       0x34 C:/ST/STM32CubeIDE_1.14.0/STM32CubeIDE/plugins/com.st.stm32cube.ide.mcu.externaltools.gnu-tools-for-stm32.11.3.rel1.win32_1.1.100.202309141235/tools/bin/../lib/gcc/arm-none-eabi/11.3.1/../../../../arm-none-eabi/lib/thumb/v7e-m+fp/hard\libc_nano.a(libc_a-memset.o)
 .ARM.attributes
                0x00000000000003e7       0x34 C:/ST/STM32CubeIDE_1.14.0/STM32CubeIDE/plugins/com.st.stm32cube.ide.mcu.externaltools.gnu-tools-for-stm32.11.3.rel1.win32_1.1.100.202309141235/tools/bin/../lib/gcc/arm-none-eabi/11.3.1/../../../../arm-none-eabi/lib/thumb/v7e-m+fp/hard\libc_nano.a(libc_a-init.o)
 .ARM.attributes
                0x000000000000041b       0x1e C:/ST/STM32CubeIDE_1.14.0/STM32CubeIDE/plugins/com.st.stm32cube.ide.mcu.externaltools.gnu-tools-for-stm32.11.3.rel1.win32_1.1.100.202309141235/tools/bin/../lib/gcc/arm-none-eabi/11.3.1/thumb/v7e-m+fp/hard\libgcc.a(_arm_muldf3.o)
 .ARM.attributes
                0x0000000000000439       0x1e C:/ST/STM32CubeIDE_1.14.0/STM32CubeIDE/plugins/com.st.stm32cube.ide.mcu.externaltools.gnu-tools-for-stm32.11.3.rel1.win32_1.1.100.202309141235/tools/bin/../lib/gcc/arm-none-eabi/11.3.1/thumb/v7e-m+fp/hard\libgcc.a(_arm_addsubdf3.o)
 .ARM.attributes
                0x0000000000000457       0x1e C:/ST/STM32CubeIDE_1.14.0/STM32CubeIDE/plugins/com.st.stm32cube.ide.mcu.externaltools.gnu-tools-for-stm32.11.3.rel1.win32_1.1.100.202309141235/tools/bin/../lib/gcc/arm-none-eabi/11.3.1/thumb/v7e-m+fp/hard\libgcc.a(_arm_fixunsdfsi.o)
 .ARM.attributes
                0x0000000000000475       0x1e C:/ST/STM32CubeIDE_1.14.0/STM32CubeIDE/plugins/com.st.stm32cube.ide.mcu.externaltools.gnu-tools-for-stm32.11.3.rel1.win32_1.1.100.202309141235/tools/bin/../lib/gcc/arm-none-eabi/11.3.1/thumb/v7e-m+fp/hard\libgcc.a(_aeabi_uldivmod.o)
 .ARM.attributes
                0x0000000000000493       0x34 C:/ST/STM32CubeIDE_1.14.0/STM32CubeIDE/plugins/com.st.stm32cube.ide.mcu.externaltools.gnu-tools-for-stm32.11.3.rel1.win32_1.1.100.202309141235/tools/bin/../lib/gcc/arm-none-eabi/11.3.1/thumb/v7e-m+fp/hard\libgcc.a(_udivmoddi4.o)
 .ARM.attributes
                0x00000000000004c7       0x1e C:/ST/STM32CubeIDE_1.14.0/STM32CubeIDE/plugins/com.st.stm32cube.ide.mcu.externaltools.gnu-tools-for-stm32.11.3.rel1.win32_1.1.100.202309141235/tools/bin/../lib/gcc/arm-none-eabi/11.3.1/thumb/v7e-m+fp/hard\libgcc.a(_dvmd_tls.o)
 .ARM.attributes
                0x00000000000004e5       0x1e C:/ST/STM32CubeIDE_1.14.0/STM32CubeIDE/plugins/com.st.stm32cube.ide.mcu.externaltools.gnu-tools-for-stm32.11.3.rel1.win32_1.1.100.202309141235/tools/bin/../lib/gcc/arm-none-eabi/11.3.1/thumb/v7e-m+fp/hard/crtn.o
OUTPUT(STM32_GP.elf elf32-littlearm)
LOAD linker stubs
LOAD C:/ST/STM32CubeIDE_1.14.0/STM32CubeIDE/plugins/com.st.stm32cube.ide.mcu.externaltools.gnu-tools-for-stm32.11.3.rel1.win32_1.1.100.202309141235/tools/bin/../lib/gcc/arm-none-eabi/11.3.1/../../../../arm-none-eabi/lib/thumb/v7e-m+fp/hard\libc.a
LOAD C:/ST/STM32CubeIDE_1.14.0/STM32CubeIDE/plugins/com.st.stm32cube.ide.mcu.externaltools.gnu-tools-for-stm32.11.3.rel1.win32_1.1.100.202309141235/tools/bin/../lib/gcc/arm-none-eabi/11.3.1/../../../../arm-none-eabi/lib/thumb/v7e-m+fp/hard\libm.a
LOAD C:/ST/STM32CubeIDE_1.14.0/STM32CubeIDE/plugins/com.st.stm32cube.ide.mcu.externaltools.gnu-tools-for-stm32.11.3.rel1.win32_1.1.100.202309141235/tools/bin/../lib/gcc/arm-none-eabi/11.3.1/thumb/v7e-m+fp/hard\libgcc.a

.comment        0x0000000000000000       0x43
 .comment       0x0000000000000000       0x43 C:/ST/STM32CubeIDE_1.14.0/STM32CubeIDE/plugins/com.st.stm32cube.ide.mcu.externaltools.gnu-tools-for-stm32.11.3.rel1.win32_1.1.100.202309141235/tools/bin/../lib/gcc/arm-none-eabi/11.3.1/thumb/v7e-m+fp/hard/crtbegin.o
                                         0x44 (size before relaxing)
 .comment       0x0000000000000043       0x44 ./Core/Src/gpio.o
 .comment       0x0000000000000043       0x44 ./Core/Src/main.o
 .comment       0x0000000000000043       0x44 ./Core/Src/stm32f4xx_hal_msp.o
 .comment       0x0000000000000043       0x44 ./Core/Src/stm32f4xx_it.o
 .comment       0x0000000000000043       0x44 ./Core/Src/system_stm32f4xx.o
 .comment       0x0000000000000043       0x44 ./Core/Src/tim.o
 .comment       0x0000000000000043       0x44 ./Core/Src/usart.o
 .comment       0x0000000000000043       0x44 ./Drivers/STM32F4xx_HAL_Driver/Src/stm32f4xx_hal.o
 .comment       0x0000000000000043       0x44 ./Drivers/STM32F4xx_HAL_Driver/Src/stm32f4xx_hal_cortex.o
 .comment       0x0000000000000043       0x44 ./Drivers/STM32F4xx_HAL_Driver/Src/stm32f4xx_hal_gpio.o
 .comment       0x0000000000000043       0x44 ./Drivers/STM32F4xx_HAL_Driver/Src/stm32f4xx_hal_rcc.o
 .comment       0x0000000000000043       0x44 ./Drivers/STM32F4xx_HAL_Driver/Src/stm32f4xx_hal_tim.o
 .comment       0x0000000000000043       0x44 ./Drivers/STM32F4xx_HAL_Driver/Src/stm32f4xx_hal_tim_ex.o
 .comment       0x0000000000000043       0x44 ./Drivers/STM32F4xx_HAL_Driver/Src/stm32f4xx_hal_uart.o
 .comment       0x0000000000000043       0x44 ./HAL/Motor/motor.o
 .comment       0x0000000000000043       0x44 ./HAL/Ultrasonic/ultrasonic.o

.debug_info     0x0000000000000000     0xdabe
 .debug_info    0x0000000000000000      0x417 ./Core/Src/gpio.o
 .debug_info    0x0000000000000417      0xb4f ./Core/Src/main.o
 .debug_info    0x0000000000000f66      0x291 ./Core/Src/stm32f4xx_hal_msp.o
 .debug_info    0x00000000000011f7      0x6da ./Core/Src/stm32f4xx_it.o
 .debug_info    0x00000000000018d1      0x53e ./Core/Src/system_stm32f4xx.o
 .debug_info    0x0000000000001e0f      0xeda ./Core/Src/tim.o
 .debug_info    0x0000000000002ce9      0x94e ./Core/Src/usart.o
 .debug_info    0x0000000000003637       0x23 ./Core/Startup/startup_stm32f401rctx.o
 .debug_info    0x000000000000365a      0x8bb ./Drivers/STM32F4xx_HAL_Driver/Src/stm32f4xx_hal.o
 .debug_info    0x0000000000003f15      0xcf6 ./Drivers/STM32F4xx_HAL_Driver/Src/stm32f4xx_hal_cortex.o
 .debug_info    0x0000000000004c0b      0x6f9 ./Drivers/STM32F4xx_HAL_Driver/Src/stm32f4xx_hal_gpio.o
 .debug_info    0x0000000000005304      0x8f1 ./Drivers/STM32F4xx_HAL_Driver/Src/stm32f4xx_hal_rcc.o
 .debug_info    0x0000000000005bf5     0x2996 ./Drivers/STM32F4xx_HAL_Driver/Src/stm32f4xx_hal_tim.o
 .debug_info    0x000000000000858b     0x14d4 ./Drivers/STM32F4xx_HAL_Driver/Src/stm32f4xx_hal_tim_ex.o
 .debug_info    0x0000000000009a5f     0x2f56 ./Drivers/STM32F4xx_HAL_Driver/Src/stm32f4xx_hal_uart.o
 .debug_info    0x000000000000c9b5      0x89c ./HAL/Motor/motor.o
 .debug_info    0x000000000000d251      0x86d ./HAL/Ultrasonic/ultrasonic.o

.debug_abbrev   0x0000000000000000     0x21aa
 .debug_abbrev  0x0000000000000000      0x151 ./Core/Src/gpio.o
 .debug_abbrev  0x0000000000000151      0x240 ./Core/Src/main.o
 .debug_abbrev  0x0000000000000391       0xd8 ./Core/Src/stm32f4xx_hal_msp.o
 .debug_abbrev  0x0000000000000469      0x1a5 ./Core/Src/stm32f4xx_it.o
 .debug_abbrev  0x000000000000060e      0x11a ./Core/Src/system_stm32f4xx.o
 .debug_abbrev  0x0000000000000728      0x24b ./Core/Src/tim.o
 .debug_abbrev  0x0000000000000973      0x1f8 ./Core/Src/usart.o
 .debug_abbrev  0x0000000000000b6b       0x12 ./Core/Startup/startup_stm32f401rctx.o
 .debug_abbrev  0x0000000000000b7d      0x24b ./Drivers/STM32F4xx_HAL_Driver/Src/stm32f4xx_hal.o
 .debug_abbrev  0x0000000000000dc8      0x31d ./Drivers/STM32F4xx_HAL_Driver/Src/stm32f4xx_hal_cortex.o
 .debug_abbrev  0x00000000000010e5      0x1d3 ./Drivers/STM32F4xx_HAL_Driver/Src/stm32f4xx_hal_gpio.o
 .debug_abbrev  0x00000000000012b8      0x2b6 ./Drivers/STM32F4xx_HAL_Driver/Src/stm32f4xx_hal_rcc.o
 .debug_abbrev  0x000000000000156e      0x28b ./Drivers/STM32F4xx_HAL_Driver/Src/stm32f4xx_hal_tim.o
 .debug_abbrev  0x00000000000017f9      0x296 ./Drivers/STM32F4xx_HAL_Driver/Src/stm32f4xx_hal_tim_ex.o
 .debug_abbrev  0x0000000000001a8f      0x31b ./Drivers/STM32F4xx_HAL_Driver/Src/stm32f4xx_hal_uart.o
 .debug_abbrev  0x0000000000001daa      0x213 ./HAL/Motor/motor.o
 .debug_abbrev  0x0000000000001fbd      0x1ed ./HAL/Ultrasonic/ultrasonic.o

.debug_aranges  0x0000000000000000      0xc80
 .debug_aranges
                0x0000000000000000       0x20 ./Core/Src/gpio.o
 .debug_aranges
                0x0000000000000020       0x30 ./Core/Src/main.o
 .debug_aranges
                0x0000000000000050       0x20 ./Core/Src/stm32f4xx_hal_msp.o
 .debug_aranges
                0x0000000000000070       0x68 ./Core/Src/stm32f4xx_it.o
 .debug_aranges
                0x00000000000000d8       0x28 ./Core/Src/system_stm32f4xx.o
 .debug_aranges
                0x0000000000000100       0x50 ./Core/Src/tim.o
 .debug_aranges
                0x0000000000000150       0x30 ./Core/Src/usart.o
 .debug_aranges
                0x0000000000000180       0x28 ./Core/Startup/startup_stm32f401rctx.o
 .debug_aranges
                0x00000000000001a8       0xf0 ./Drivers/STM32F4xx_HAL_Driver/Src/stm32f4xx_hal.o
 .debug_aranges
                0x0000000000000298      0x130 ./Drivers/STM32F4xx_HAL_Driver/Src/stm32f4xx_hal_cortex.o
 .debug_aranges
                0x00000000000003c8       0x58 ./Drivers/STM32F4xx_HAL_Driver/Src/stm32f4xx_hal_gpio.o
 .debug_aranges
                0x0000000000000420       0x88 ./Drivers/STM32F4xx_HAL_Driver/Src/stm32f4xx_hal_rcc.o
 .debug_aranges
                0x00000000000004a8      0x3d0 ./Drivers/STM32F4xx_HAL_Driver/Src/stm32f4xx_hal_tim.o
 .debug_aranges
                0x0000000000000878      0x168 ./Drivers/STM32F4xx_HAL_Driver/Src/stm32f4xx_hal_tim_ex.o
 .debug_aranges
                0x00000000000009e0      0x208 ./Drivers/STM32F4xx_HAL_Driver/Src/stm32f4xx_hal_uart.o
 .debug_aranges
                0x0000000000000be8       0x60 ./HAL/Motor/motor.o
 .debug_aranges
                0x0000000000000c48       0x38 ./HAL/Ultrasonic/ultrasonic.o

.debug_rnglists
                0x0000000000000000      0x9b9
 .debug_rnglists
                0x0000000000000000       0x14 ./Core/Src/gpio.o
 .debug_rnglists
                0x0000000000000014       0x21 ./Core/Src/main.o
 .debug_rnglists
                0x0000000000000035       0x13 ./Core/Src/stm32f4xx_hal_msp.o
 .debug_rnglists
                0x0000000000000048       0x49 ./Core/Src/stm32f4xx_it.o
 .debug_rnglists
                0x0000000000000091       0x1a ./Core/Src/system_stm32f4xx.o
 .debug_rnglists
                0x00000000000000ab       0x3b ./Core/Src/tim.o
 .debug_rnglists
                0x00000000000000e6       0x20 ./Core/Src/usart.o
 .debug_rnglists
                0x0000000000000106       0x19 ./Core/Startup/startup_stm32f401rctx.o
 .debug_rnglists
                0x000000000000011f       0xaf ./Drivers/STM32F4xx_HAL_Driver/Src/stm32f4xx_hal.o
 .debug_rnglists
                0x00000000000001ce       0xe0 ./Drivers/STM32F4xx_HAL_Driver/Src/stm32f4xx_hal_cortex.o
 .debug_rnglists
                0x00000000000002ae       0x3f ./Drivers/STM32F4xx_HAL_Driver/Src/stm32f4xx_hal_gpio.o
 .debug_rnglists
                0x00000000000002ed       0x66 ./Drivers/STM32F4xx_HAL_Driver/Src/stm32f4xx_hal_rcc.o
 .debug_rnglists
                0x0000000000000353      0x31a ./Drivers/STM32F4xx_HAL_Driver/Src/stm32f4xx_hal_tim.o
 .debug_rnglists
                0x000000000000066d      0x125 ./Drivers/STM32F4xx_HAL_Driver/Src/stm32f4xx_hal_tim_ex.o
 .debug_rnglists
                0x0000000000000792      0x1bc ./Drivers/STM32F4xx_HAL_Driver/Src/stm32f4xx_hal_uart.o
 .debug_rnglists
                0x000000000000094e       0x45 ./HAL/Motor/motor.o
 .debug_rnglists
                0x0000000000000993       0x26 ./HAL/Ultrasonic/ultrasonic.o

.debug_macro    0x0000000000000000    0x15e3b
 .debug_macro   0x0000000000000000      0x1e2 ./Core/Src/gpio.o
 .debug_macro   0x00000000000001e2      0xaa8 ./Core/Src/gpio.o
 .debug_macro   0x0000000000000c8a      0x29b ./Core/Src/gpio.o
 .debug_macro   0x0000000000000f25       0x2e ./Core/Src/gpio.o
 .debug_macro   0x0000000000000f53       0x28 ./Core/Src/gpio.o
 .debug_macro   0x0000000000000f7b       0x22 ./Core/Src/gpio.o
 .debug_macro   0x0000000000000f9d       0x8e ./Core/Src/gpio.o
 .debug_macro   0x000000000000102b       0x51 ./Core/Src/gpio.o
 .debug_macro   0x000000000000107c      0x103 ./Core/Src/gpio.o
 .debug_macro   0x000000000000117f       0x6a ./Core/Src/gpio.o
 .debug_macro   0x00000000000011e9      0x1df ./Core/Src/gpio.o
 .debug_macro   0x00000000000013c8       0x1c ./Core/Src/gpio.o
 .debug_macro   0x00000000000013e4       0x22 ./Core/Src/gpio.o
 .debug_macro   0x0000000000001406       0xfb ./Core/Src/gpio.o
 .debug_macro   0x0000000000001501     0x1011 ./Core/Src/gpio.o
 .debug_macro   0x0000000000002512      0x11f ./Core/Src/gpio.o
 .debug_macro   0x0000000000002631     0xb86c ./Core/Src/gpio.o
 .debug_macro   0x000000000000de9d       0x6d ./Core/Src/gpio.o
 .debug_macro   0x000000000000df0a     0x369a ./Core/Src/gpio.o
 .debug_macro   0x00000000000115a4      0x174 ./Core/Src/gpio.o
 .debug_macro   0x0000000000011718       0x5c ./Core/Src/gpio.o
 .debug_macro   0x0000000000011774      0x416 ./Core/Src/gpio.o
 .debug_macro   0x0000000000011b8a      0x9e9 ./Core/Src/gpio.o
 .debug_macro   0x0000000000012573      0x115 ./Core/Src/gpio.o
 .debug_macro   0x0000000000012688       0xf8 ./Core/Src/gpio.o
 .debug_macro   0x0000000000012780       0xa5 ./Core/Src/gpio.o
 .debug_macro   0x0000000000012825      0x15f ./Core/Src/gpio.o
 .debug_macro   0x0000000000012984      0x287 ./Core/Src/gpio.o
 .debug_macro   0x0000000000012c0b       0x5f ./Core/Src/gpio.o
 .debug_macro   0x0000000000012c6a      0x236 ./Core/Src/gpio.o
 .debug_macro   0x0000000000012ea0      0x132 ./Core/Src/gpio.o
 .debug_macro   0x0000000000012fd2      0x23a ./Core/Src/gpio.o
 .debug_macro   0x000000000001320c       0x2e ./Core/Src/gpio.o
 .debug_macro   0x000000000001323a      0x127 ./Core/Src/gpio.o
 .debug_macro   0x0000000000013361       0x85 ./Core/Src/gpio.o
 .debug_macro   0x00000000000133e6       0x89 ./Core/Src/gpio.o
 .debug_macro   0x000000000001346f      0x8ed ./Core/Src/gpio.o
 .debug_macro   0x0000000000013d5c       0x47 ./Core/Src/gpio.o
 .debug_macro   0x0000000000013da3      0x2aa ./Core/Src/gpio.o
 .debug_macro   0x000000000001404d      0x126 ./Core/Src/gpio.o
 .debug_macro   0x0000000000014173      0x20c ./Core/Src/main.o
 .debug_macro   0x000000000001437f       0x1c ./Core/Src/main.o
 .debug_macro   0x000000000001439b       0x2e ./Core/Src/main.o
 .debug_macro   0x00000000000143c9      0x1d8 ./Core/Src/stm32f4xx_hal_msp.o
 .debug_macro   0x00000000000145a1      0x1e2 ./Core/Src/stm32f4xx_it.o
 .debug_macro   0x0000000000014783      0x1ce ./Core/Src/system_stm32f4xx.o
 .debug_macro   0x0000000000014951      0x1e2 ./Core/Src/tim.o
 .debug_macro   0x0000000000014b33      0x1e2 ./Core/Src/usart.o
 .debug_macro   0x0000000000014d15      0x22e ./Drivers/STM32F4xx_HAL_Driver/Src/stm32f4xx_hal.o
 .debug_macro   0x0000000000014f43      0x1ce ./Drivers/STM32F4xx_HAL_Driver/Src/stm32f4xx_hal_cortex.o
 .debug_macro   0x0000000000015111      0x1d4 ./Drivers/STM32F4xx_HAL_Driver/Src/stm32f4xx_hal_gpio.o
 .debug_macro   0x00000000000152e5      0x1f2 ./Drivers/STM32F4xx_HAL_Driver/Src/stm32f4xx_hal_rcc.o
 .debug_macro   0x00000000000154d7      0x1cf ./Drivers/STM32F4xx_HAL_Driver/Src/stm32f4xx_hal_tim.o
 .debug_macro   0x00000000000156a6      0x1ce ./Drivers/STM32F4xx_HAL_Driver/Src/stm32f4xx_hal_tim_ex.o
 .debug_macro   0x0000000000015874      0x1cf ./Drivers/STM32F4xx_HAL_Driver/Src/stm32f4xx_hal_uart.o
 .debug_macro   0x0000000000015a43      0x1dd ./HAL/Motor/motor.o
 .debug_macro   0x0000000000015c20       0x28 ./HAL/Motor/motor.o
 .debug_macro   0x0000000000015c48      0x1dd ./HAL/Ultrasonic/ultrasonic.o
 .debug_macro   0x0000000000015e25       0x16 ./HAL/Ultrasonic/ultrasonic.o

.debug_line     0x0000000000000000     0xf225
 .debug_line    0x0000000000000000      0x779 ./Core/Src/gpio.o
 .debug_line    0x0000000000000779      0x8f0 ./Core/Src/main.o
 .debug_line    0x0000000000001069      0x74f ./Core/Src/stm32f4xx_hal_msp.o
 .debug_line    0x00000000000017b8      0x829 ./Core/Src/stm32f4xx_it.o
 .debug_line    0x0000000000001fe1      0x7d0 ./Core/Src/system_stm32f4xx.o
 .debug_line    0x00000000000027b1      0x8c6 ./Core/Src/tim.o
 .debug_line    0x0000000000003077      0x7b8 ./Core/Src/usart.o
 .debug_line    0x000000000000382f       0x7a ./Core/Startup/startup_stm32f401rctx.o
 .debug_line    0x00000000000038a9      0xa36 ./Drivers/STM32F4xx_HAL_Driver/Src/stm32f4xx_hal.o
 .debug_line    0x00000000000042df      0xd30 ./Drivers/STM32F4xx_HAL_Driver/Src/stm32f4xx_hal_cortex.o
 .debug_line    0x000000000000500f      0xb6e ./Drivers/STM32F4xx_HAL_Driver/Src/stm32f4xx_hal_gpio.o
 .debug_line    0x0000000000005b7d      0xdc5 ./Drivers/STM32F4xx_HAL_Driver/Src/stm32f4xx_hal_rcc.o
 .debug_line    0x0000000000006942     0x359c ./Drivers/STM32F4xx_HAL_Driver/Src/stm32f4xx_hal_tim.o
 .debug_line    0x0000000000009ede     0x19cd ./Drivers/STM32F4xx_HAL_Driver/Src/stm32f4xx_hal_tim_ex.o
 .debug_line    0x000000000000b8ab     0x28f3 ./Drivers/STM32F4xx_HAL_Driver/Src/stm32f4xx_hal_uart.o
 .debug_line    0x000000000000e19e      0x88d ./HAL/Motor/motor.o
 .debug_line    0x000000000000ea2b      0x7fa ./HAL/Ultrasonic/ultrasonic.o

.debug_str      0x0000000000000000    0x89a3c
 .debug_str     0x0000000000000000    0x86187 ./Core/Src/gpio.o
                                      0x86400 (size before relaxing)
 .debug_str     0x0000000000086187      0x82e ./Core/Src/main.o
                                      0x86c03 (size before relaxing)
 .debug_str     0x00000000000869b5       0x2c ./Core/Src/stm32f4xx_hal_msp.o
                                      0x86335 (size before relaxing)
 .debug_str     0x00000000000869e1      0x355 ./Core/Src/stm32f4xx_it.o
                                      0x86807 (size before relaxing)
 .debug_str     0x0000000000086d36       0xdb ./Core/Src/system_stm32f4xx.o
                                      0x863e5 (size before relaxing)
 .debug_str     0x0000000000086e11      0x5c7 ./Core/Src/tim.o
                                      0x86f2e (size before relaxing)
 .debug_str     0x00000000000873d8       0x51 ./Core/Src/usart.o
                                      0x868bd (size before relaxing)
 .debug_str     0x0000000000087429       0x34 ./Core/Startup/startup_stm32f401rctx.o
                                         0x5f (size before relaxing)
 .debug_str     0x000000000008745d      0x60d ./Drivers/STM32F4xx_HAL_Driver/Src/stm32f4xx_hal.o
                                      0x86e07 (size before relaxing)
 .debug_str     0x0000000000087a6a      0x36b ./Drivers/STM32F4xx_HAL_Driver/Src/stm32f4xx_hal_cortex.o
                                      0x86b71 (size before relaxing)
 .debug_str     0x0000000000087dd5      0x10e ./Drivers/STM32F4xx_HAL_Driver/Src/stm32f4xx_hal_gpio.o
                                      0x86560 (size before relaxing)
 .debug_str     0x0000000000087ee3      0x233 ./Drivers/STM32F4xx_HAL_Driver/Src/stm32f4xx_hal_rcc.o
                                      0x86819 (size before relaxing)
 .debug_str     0x0000000000088116      0xda4 ./Drivers/STM32F4xx_HAL_Driver/Src/stm32f4xx_hal_tim.o
                                      0x8775d (size before relaxing)
 .debug_str     0x0000000000088eba      0x493 ./Drivers/STM32F4xx_HAL_Driver/Src/stm32f4xx_hal_tim_ex.o
                                      0x86f69 (size before relaxing)
 .debug_str     0x000000000008934d      0x62b ./Drivers/STM32F4xx_HAL_Driver/Src/stm32f4xx_hal_uart.o
                                      0x86de8 (size before relaxing)
 .debug_str     0x0000000000089978       0x67 ./HAL/Motor/motor.o
                                      0x8698f (size before relaxing)
 .debug_str     0x00000000000899df       0x5d ./HAL/Ultrasonic/ultrasonic.o
                                      0x86953 (size before relaxing)

.debug_frame    0x0000000000000000     0x3434
 .debug_frame   0x0000000000000000       0x34 ./Core/Src/gpio.o
 .debug_frame   0x0000000000000034       0x6c ./Core/Src/main.o
 .debug_frame   0x00000000000000a0       0x38 ./Core/Src/stm32f4xx_hal_msp.o
 .debug_frame   0x00000000000000d8      0x120 ./Core/Src/stm32f4xx_it.o
 .debug_frame   0x00000000000001f8       0x58 ./Core/Src/system_stm32f4xx.o
 .debug_frame   0x0000000000000250      0x114 ./Core/Src/tim.o
 .debug_frame   0x0000000000000364       0x74 ./Core/Src/usart.o
 .debug_frame   0x00000000000003d8      0x374 ./Drivers/STM32F4xx_HAL_Driver/Src/stm32f4xx_hal.o
 .debug_frame   0x000000000000074c      0x508 ./Drivers/STM32F4xx_HAL_Driver/Src/stm32f4xx_hal_cortex.o
 .debug_frame   0x0000000000000c54      0x14c ./Drivers/STM32F4xx_HAL_Driver/Src/stm32f4xx_hal_gpio.o
 .debug_frame   0x0000000000000da0      0x1f4 ./Drivers/STM32F4xx_HAL_Driver/Src/stm32f4xx_hal_rcc.o
 .debug_frame   0x0000000000000f94     0x11b8 ./Drivers/STM32F4xx_HAL_Driver/Src/stm32f4xx_hal_tim.o
 .debug_frame   0x000000000000214c      0x638 ./Drivers/STM32F4xx_HAL_Driver/Src/stm32f4xx_hal_tim_ex.o
 .debug_frame   0x0000000000002784      0x954 ./Drivers/STM32F4xx_HAL_Driver/Src/stm32f4xx_hal_uart.o
 .debug_frame   0x00000000000030d8      0x124 ./HAL/Motor/motor.o
 .debug_frame   0x00000000000031fc       0x8c ./HAL/Ultrasonic/ultrasonic.o
 .debug_frame   0x0000000000003288       0x20 C:/ST/STM32CubeIDE_1.14.0/STM32CubeIDE/plugins/com.st.stm32cube.ide.mcu.externaltools.gnu-tools-for-stm32.11.3.rel1.win32_1.1.100.202309141235/tools/bin/../lib/gcc/arm-none-eabi/11.3.1/../../../../arm-none-eabi/lib/thumb/v7e-m+fp/hard\libc_nano.a(libc_a-memset.o)
 .debug_frame   0x00000000000032a8       0x2c C:/ST/STM32CubeIDE_1.14.0/STM32CubeIDE/plugins/com.st.stm32cube.ide.mcu.externaltools.gnu-tools-for-stm32.11.3.rel1.win32_1.1.100.202309141235/tools/bin/../lib/gcc/arm-none-eabi/11.3.1/../../../../arm-none-eabi/lib/thumb/v7e-m+fp/hard\libc_nano.a(libc_a-init.o)
 .debug_frame   0x00000000000032d4       0x30 C:/ST/STM32CubeIDE_1.14.0/STM32CubeIDE/plugins/com.st.stm32cube.ide.mcu.externaltools.gnu-tools-for-stm32.11.3.rel1.win32_1.1.100.202309141235/tools/bin/../lib/gcc/arm-none-eabi/11.3.1/thumb/v7e-m+fp/hard\libgcc.a(_arm_muldf3.o)
 .debug_frame   0x0000000000003304       0xac C:/ST/STM32CubeIDE_1.14.0/STM32CubeIDE/plugins/com.st.stm32cube.ide.mcu.externaltools.gnu-tools-for-stm32.11.3.rel1.win32_1.1.100.202309141235/tools/bin/../lib/gcc/arm-none-eabi/11.3.1/thumb/v7e-m+fp/hard\libgcc.a(_arm_addsubdf3.o)
 .debug_frame   0x00000000000033b0       0x24 C:/ST/STM32CubeIDE_1.14.0/STM32CubeIDE/plugins/com.st.stm32cube.ide.mcu.externaltools.gnu-tools-for-stm32.11.3.rel1.win32_1.1.100.202309141235/tools/bin/../lib/gcc/arm-none-eabi/11.3.1/thumb/v7e-m+fp/hard\libgcc.a(_arm_fixunsdfsi.o)
 .debug_frame   0x00000000000033d4       0x2c C:/ST/STM32CubeIDE_1.14.0/STM32CubeIDE/plugins/com.st.stm32cube.ide.mcu.externaltools.gnu-tools-for-stm32.11.3.rel1.win32_1.1.100.202309141235/tools/bin/../lib/gcc/arm-none-eabi/11.3.1/thumb/v7e-m+fp/hard\libgcc.a(_aeabi_uldivmod.o)
 .debug_frame   0x0000000000003400       0x34 C:/ST/STM32CubeIDE_1.14.0/STM32CubeIDE/plugins/com.st.stm32cube.ide.mcu.externaltools.gnu-tools-for-stm32.11.3.rel1.win32_1.1.100.202309141235/tools/bin/../lib/gcc/arm-none-eabi/11.3.1/thumb/v7e-m+fp/hard\libgcc.a(_udivmoddi4.o)

.debug_line_str
                0x0000000000000000       0x53
 .debug_line_str
                0x0000000000000000       0x53 ./Core/Startup/startup_stm32f401rctx.o
                                         0x6b (size before relaxing)
