Archive member included to satisfy reference by file (symbol)

C:/ST/STM32CubeIDE_1.14.0/STM32CubeIDE/plugins/com.st.stm32cube.ide.mcu.externaltools.gnu-tools-for-stm32.11.3.rel1.win32_1.1.100.202309141235/tools/bin/../lib/gcc/arm-none-eabi/11.3.1/../../../../arm-none-eabi/lib/thumb/v7e-m+fp/hard\libc_nano.a(libc_a-exit.o)
                              C:/ST/STM32CubeIDE_1.14.0/STM32CubeIDE/plugins/com.st.stm32cube.ide.mcu.externaltools.gnu-tools-for-stm32.11.3.rel1.win32_1.1.100.202309141235/tools/bin/../lib/gcc/arm-none-eabi/11.3.1/../../../../arm-none-eabi/lib/thumb/v7e-m+fp/hard/crt0.o (exit)
C:/ST/STM32CubeIDE_1.14.0/STM32CubeIDE/plugins/com.st.stm32cube.ide.mcu.externaltools.gnu-tools-for-stm32.11.3.rel1.win32_1.1.100.202309141235/tools/bin/../lib/gcc/arm-none-eabi/11.3.1/../../../../arm-none-eabi/lib/thumb/v7e-m+fp/hard\libc_nano.a(libc_a-findfp.o)
                              C:/ST/STM32CubeIDE_1.14.0/STM32CubeIDE/plugins/com.st.stm32cube.ide.mcu.externaltools.gnu-tools-for-stm32.11.3.rel1.win32_1.1.100.202309141235/tools/bin/../lib/gcc/arm-none-eabi/11.3.1/../../../../arm-none-eabi/lib/thumb/v7e-m+fp/hard\libc_nano.a(libc_a-exit.o) (__stdio_exit_handler)
C:/ST/STM32CubeIDE_1.14.0/STM32CubeIDE/plugins/com.st.stm32cube.ide.mcu.externaltools.gnu-tools-for-stm32.11.3.rel1.win32_1.1.100.202309141235/tools/bin/../lib/gcc/arm-none-eabi/11.3.1/../../../../arm-none-eabi/lib/thumb/v7e-m+fp/hard\libc_nano.a(libc_a-fwalk.o)
                              C:/ST/STM32CubeIDE_1.14.0/STM32CubeIDE/plugins/com.st.stm32cube.ide.mcu.externaltools.gnu-tools-for-stm32.11.3.rel1.win32_1.1.100.202309141235/tools/bin/../lib/gcc/arm-none-eabi/11.3.1/../../../../arm-none-eabi/lib/thumb/v7e-m+fp/hard\libc_nano.a(libc_a-findfp.o) (_fwalk_sglue)
C:/ST/STM32CubeIDE_1.14.0/STM32CubeIDE/plugins/com.st.stm32cube.ide.mcu.externaltools.gnu-tools-for-stm32.11.3.rel1.win32_1.1.100.202309141235/tools/bin/../lib/gcc/arm-none-eabi/11.3.1/../../../../arm-none-eabi/lib/thumb/v7e-m+fp/hard\libc_nano.a(libc_a-stdio.o)
                              C:/ST/STM32CubeIDE_1.14.0/STM32CubeIDE/plugins/com.st.stm32cube.ide.mcu.externaltools.gnu-tools-for-stm32.11.3.rel1.win32_1.1.100.202309141235/tools/bin/../lib/gcc/arm-none-eabi/11.3.1/../../../../arm-none-eabi/lib/thumb/v7e-m+fp/hard\libc_nano.a(libc_a-findfp.o) (__sread)
C:/ST/STM32CubeIDE_1.14.0/STM32CubeIDE/plugins/com.st.stm32cube.ide.mcu.externaltools.gnu-tools-for-stm32.11.3.rel1.win32_1.1.100.202309141235/tools/bin/../lib/gcc/arm-none-eabi/11.3.1/../../../../arm-none-eabi/lib/thumb/v7e-m+fp/hard\libc_nano.a(libc_a-memset.o)
                              C:/ST/STM32CubeIDE_1.14.0/STM32CubeIDE/plugins/com.st.stm32cube.ide.mcu.externaltools.gnu-tools-for-stm32.11.3.rel1.win32_1.1.100.202309141235/tools/bin/../lib/gcc/arm-none-eabi/11.3.1/../../../../arm-none-eabi/lib/thumb/v7e-m+fp/hard/crt0.o (memset)
C:/ST/STM32CubeIDE_1.14.0/STM32CubeIDE/plugins/com.st.stm32cube.ide.mcu.externaltools.gnu-tools-for-stm32.11.3.rel1.win32_1.1.100.202309141235/tools/bin/../lib/gcc/arm-none-eabi/11.3.1/../../../../arm-none-eabi/lib/thumb/v7e-m+fp/hard\libc_nano.a(libc_a-closer.o)
                              C:/ST/STM32CubeIDE_1.14.0/STM32CubeIDE/plugins/com.st.stm32cube.ide.mcu.externaltools.gnu-tools-for-stm32.11.3.rel1.win32_1.1.100.202309141235/tools/bin/../lib/gcc/arm-none-eabi/11.3.1/../../../../arm-none-eabi/lib/thumb/v7e-m+fp/hard\libc_nano.a(libc_a-stdio.o) (_close_r)
C:/ST/STM32CubeIDE_1.14.0/STM32CubeIDE/plugins/com.st.stm32cube.ide.mcu.externaltools.gnu-tools-for-stm32.11.3.rel1.win32_1.1.100.202309141235/tools/bin/../lib/gcc/arm-none-eabi/11.3.1/../../../../arm-none-eabi/lib/thumb/v7e-m+fp/hard\libc_nano.a(libc_a-reent.o)
                              C:/ST/STM32CubeIDE_1.14.0/STM32CubeIDE/plugins/com.st.stm32cube.ide.mcu.externaltools.gnu-tools-for-stm32.11.3.rel1.win32_1.1.100.202309141235/tools/bin/../lib/gcc/arm-none-eabi/11.3.1/../../../../arm-none-eabi/lib/thumb/v7e-m+fp/hard\libc_nano.a(libc_a-closer.o) (errno)
C:/ST/STM32CubeIDE_1.14.0/STM32CubeIDE/plugins/com.st.stm32cube.ide.mcu.externaltools.gnu-tools-for-stm32.11.3.rel1.win32_1.1.100.202309141235/tools/bin/../lib/gcc/arm-none-eabi/11.3.1/../../../../arm-none-eabi/lib/thumb/v7e-m+fp/hard\libc_nano.a(libc_a-impure.o)
                              C:/ST/STM32CubeIDE_1.14.0/STM32CubeIDE/plugins/com.st.stm32cube.ide.mcu.externaltools.gnu-tools-for-stm32.11.3.rel1.win32_1.1.100.202309141235/tools/bin/../lib/gcc/arm-none-eabi/11.3.1/../../../../arm-none-eabi/lib/thumb/v7e-m+fp/hard\libc_nano.a(libc_a-reent.o) (_impure_ptr)
C:/ST/STM32CubeIDE_1.14.0/STM32CubeIDE/plugins/com.st.stm32cube.ide.mcu.externaltools.gnu-tools-for-stm32.11.3.rel1.win32_1.1.100.202309141235/tools/bin/../lib/gcc/arm-none-eabi/11.3.1/../../../../arm-none-eabi/lib/thumb/v7e-m+fp/hard\libc_nano.a(libc_a-lseekr.o)
[...]
Memory Configuration

Name             Origin             Length             Attributes
RAM              0x0000000020000000 0x0000000000010000 xrw
FLASH            0x0000000008000000 0x0000000000040000 xr
*default*        0x0000000000000000 0xffffffffffffffff

Linker script and memory map

LOAD C:/ST/STM32CubeIDE_1.14.0/STM32CubeIDE/plugins/com.st.stm32cube.ide.mcu.externaltools.gnu-tools-for-stm32.11.3.rel1.win32_1.1.100.202309141235/tools/bin/../lib/gcc/arm-none-eabi/11.3.1/thumb/v7e-m+fp/hard/crti.o
LOAD C:/ST/STM32CubeIDE_1.14.0/STM32CubeIDE/plugins/com.st.stm32cube.ide.mcu.externaltools.gnu-tools-for-stm32.11.3.rel1.win32_1.1.100.202309141235/tools/bin/../lib/gcc/arm-none-eabi/11.3.1/thumb/v7e-m+fp/hard/crtbegin.o
LOAD C:/ST/STM32CubeIDE_1.14.0/STM32CubeIDE/plugins/com.st.stm32cube.ide.mcu.externaltools.gnu-tools-for-stm32.11.3.rel1.win32_1.1.100.202309141235/tools/bin/../lib/gcc/arm-none-eabi/11.3.1/../../../../arm-none-eabi/lib/thumb/v7e-m+fp/hard/crt0.o
LOAD ./Core/Src/bootloader.o
LOAD ./Core/Src/crc.o
LOAD ./Core/Src/gpio.o
LOAD ./Core/Src/main.o
LOAD ./Core/Src/stm32f4xx_hal_msp.o
LOAD ./Core/Src/stm32f4xx_it.o
LOAD ./Core/Src/syscalls.o
LOAD ./Core/Src/sysmem.o
LOAD ./Core/Src/system_stm32f4xx.o
LOAD ./Core/Src/tim.o
LOAD ./Core/Src/usart.o
LOAD ./Core/Startup/startup_stm32f401rctx.o
LOAD ./Drivers/STM32F4xx_HAL_Driver/Src/stm32f4xx_hal.o
LOAD ./Drivers/STM32F4xx_HAL_Driver/Src/stm32f4xx_hal_cortex.o
LOAD ./Drivers/STM32F4xx_HAL_Driver/Src/stm32f4xx_hal_crc.o
LOAD ./Drivers/STM32F4xx_HAL_Driver/Src/stm32f4xx_hal_dma.o
LOAD ./Drivers/STM32F4xx_HAL_Driver/Src/stm32f4xx_hal_dma_ex.o
LOAD ./Drivers/STM32F4xx_HAL_Driver/Src/stm32f4xx_hal_exti.o
LOAD ./Drivers/STM32F4xx_HAL_Driver/Src/stm32f4xx_hal_flash.o
LOAD ./Drivers/STM32F4xx_HAL_Driver/Src/stm32f4xx_hal_flash_ex.o
LOAD ./Drivers/STM32F4xx_HAL_Driver/Src/stm32f4xx_hal_flash_ramfunc.o
LOAD ./Drivers/STM32F4xx_HAL_Driver/Src/stm32f4xx_hal_gpio.o
LOAD ./Drivers/STM32F4xx_HAL_Driver/Src/stm32f4xx_hal_pwr.o
LOAD ./Drivers/STM32F4xx_HAL_Driver/Src/stm32f4xx_hal_pwr_ex.o
LOAD ./Drivers/STM32F4xx_HAL_Driver/Src/stm32f4xx_hal_rcc.o
LOAD ./Drivers/STM32F4xx_HAL_Driver/Src/stm32f4xx_hal_rcc_ex.o
LOAD ./Drivers/STM32F4xx_HAL_Driver/Src/stm32f4xx_hal_tim.o
LOAD ./Drivers/STM32F4xx_HAL_Driver/Src/stm32f4xx_hal_tim_ex.o
LOAD ./Drivers/STM32F4xx_HAL_Driver/Src/stm32f4xx_hal_uart.o
LOAD ./HAL/Motor/motor.o
LOAD ./HAL/Ultrasonic/ultrasonic.o
START GROUP
LOAD C:/ST/STM32CubeIDE_1.14.0/STM32CubeIDE/plugins/com.st.stm32cube.ide.mcu.externaltools.gnu-tools-for-stm32.11.3.rel1.win32_1.1.100.202309141235/tools/bin/../lib/gcc/arm-none-eabi/11.3.1/../../../../arm-none-eabi/lib/thumb/v7e-m+fp/hard\libc_nano.a
LOAD C:/ST/STM32CubeIDE_1.14.0/STM32CubeIDE/plugins/com.st.stm32cube.ide.mcu.externaltools.gnu-tools-for-stm32.11.3.rel1.win32_1.1.100.202309141235/tools/bin/../lib/gcc/arm-none-eabi/11.3.1/../../../../arm-none-eabi/lib/thumb/v7e-m+fp/hard\libm.a
END GROUP
START GROUP
LOAD C:/ST/STM32CubeIDE_1.14.0/STM32CubeIDE/plugins/com.st.stm32cube.ide.mcu.externaltools.gnu-tools-for-stm32.11.3.rel1.win32_1.1.100.202309141235/tools/bin/../lib/gcc/arm-none-eabi/11.3.1/thumb/v7e-m+fp/hard\libgcc.a
LOAD C:/ST/STM32CubeIDE_1.14.0/STM32CubeIDE/plugins/com.st.stm32cube.ide.mcu.externaltools.gnu-tools-for-stm32.11.3.rel1.win32_1.1.100.202309141235/tools/bin/../lib/gcc/arm-none-eabi/11.3.1/../../../../arm-none-eabi/lib/thumb/v7e-m+fp/hard\libc_nano.a
END GROUP
START GROUP
LOAD C:/ST/STM32CubeIDE_1.14.0/STM32CubeIDE/plugins/com.st.stm32cube.ide.mcu.externaltools.gnu-tools-for-stm32.11.3.rel1.win32_1.1.100.202309141235/tools/bin/../lib/gcc/arm-none-eabi/11.3.1/thumb/v7e-m+fp/hard\libgcc.a
LOAD C:/ST/STM32CubeIDE_1.14.0/STM32CubeIDE/plugins/com.st.stm32cube.ide.mcu.externaltools.gnu-tools-for-stm32.11.3.rel1.win32_1.1.100.202309141235/tools/bin/../lib/gcc/arm-none-eabi/11.3.1/../../../../arm-none-eabi/lib/thumb/v7e-m+fp/hard\libc_nano.a
LOAD C:/ST/STM32CubeIDE_1.14.0/STM32CubeIDE/plugins/com.st.stm32cube.ide.mcu.externaltools.gnu-tools-for-stm32.11.3.rel1.win32_1.1.100.202309141235/tools/bin/../lib/gcc/arm-none-eabi/11.3.1/../../../../arm-none-eabi/lib/thumb/v7e-m+fp/hard\libnosys.a
END GROUP
START GROUP
LOAD C:/ST/STM32CubeIDE_1.14.0/STM32CubeIDE/plugins/com.st.stm32cube.ide.mcu.externaltools.gnu-tools-for-stm32.11.3.rel1.win32_1.1.100.202309141235/tools/bin/../lib/gcc/arm-none-eabi/11.3.1/thumb/v7e-m+fp/hard\libgcc.a
LOAD C:/ST/STM32CubeIDE_1.14.0/STM32CubeIDE/plugins/com.st.stm32cube.ide.mcu.externaltools.gnu-tools-for-stm32.11.3.rel1.win32_1.1.100.202309141235/tools/bin/../lib/gcc/arm-none-eabi/11.3.1/../../../../arm-none-eabi/lib/thumb/v7e-m+fp/hard\libc_nano.a
LOAD C:/ST/STM32CubeIDE_1.14.0/STM32CubeIDE/plugins/com.st.stm32cube.ide.mcu.externaltools.gnu-tools-for-stm32.11.3.rel1.win32_1.1.100.202309141235/tools/bin/../lib/gcc/arm-none-eabi/11.3.1/../../../../arm-none-eabi/lib/thumb/v7e-m+fp/hard\libnosys.a
END GROUP
LOAD C:/ST/STM32CubeIDE_1.14.0/STM32CubeIDE/plugins/com.st.stm32cube.ide.mcu.externaltools.gnu-tools-for-stm32.11.3.rel1.win32_1.1.100.202309141235/tools/bin/../lib/gcc/arm-none-eabi/11.3.1/thumb/v7e-m+fp/hard/crtend.o
LOAD C:/ST/STM32CubeIDE_1.14.0/STM32CubeIDE/plugins/com.st.stm32cube.ide.mcu.externaltools.gnu-tools-for-stm32.11.3.rel1.win32_1.1.100.202309141235/tools/bin/../lib/gcc/arm-none-eabi/11.3.1/thumb/v7e-m+fp/hard/crtn.o
                0x0000000020010000                _estack = (ORIGIN (RAM) + LENGTH (RAM))
                0x0000000000000200                _Min_Heap_Size = 0x200
                0x0000000000000400                _Min_Stack_Size = 0x400

.isr_vector     0x0000000008000000      0x194
                0x0000000008000000                . = ALIGN (0x4)
 *(.isr_vector)
 .isr_vector    0x0000000008000000      0x194 ./Core/Startup/startup_stm32f401rctx.o
                0x0000000008000000                g_pfnVectors
                0x0000000008000194                . = ALIGN (0x4)

.text           0x0000000008000198     0x5324
                0x0000000008000198                . = ALIGN (0x4)
 *(.text)
 .text          0x0000000008000198       0x40 C:/ST/STM32CubeIDE_1.14.0/STM32CubeIDE/plugins/com.st.stm32cube.ide.mcu.externaltools.gnu-tools-for-stm32.11.3.rel1.win32_1.1.100.202309141235/tools/bin/../lib/gcc/arm-none-eabi/11.3.1/thumb/v7e-m+fp/hard/crtbegin.o
 .text          0x00000000080001d8      0x254 C:/ST/STM32CubeIDE_1.14.0/STM32CubeIDE/plugins/com.st.stm32cube.ide.mcu.externaltools.gnu-tools-for-stm32.11.3.rel1.win32_1.1.100.202309141235/tools/bin/../lib/gcc/arm-none-eabi/11.3.1/thumb/v7e-m+fp/hard\libgcc.a(_arm_muldf3.o)
                0x00000000080001d8                __muldf3
                0x00000000080001d8                __aeabi_dmul
 .text          0x000000000800042c      0x378 C:/ST/STM32CubeIDE_1.14.0/STM32CubeIDE/plugins/com.st.stm32cube.ide.mcu.externaltools.gnu-tools-for-stm32.11.3.rel1.win32_1.1.100.202309141235/tools/bin/../lib/gcc/arm-none-eabi/11.3.1/thumb/v7e-m+fp/hard\libgcc.a(_arm_addsubdf3.o)
                0x000000000800042c                __aeabi_drsub
                0x0000000008000434                __aeabi_dsub
                0x0000000008000434                __subdf3
                0x0000000008000438                __aeabi_dadd
                0x0000000008000438                __adddf3
                0x00000000080006b0                __floatunsidf
                0x00000000080006b0                __aeabi_ui2d
                0x00000000080006d0                __floatsidf
                0x00000000080006d0                __aeabi_i2d
                0x00000000080006f4                __aeabi_f2d
                0x00000000080006f4                __extendsfdf2
                0x0000000008000738                __floatundidf
                0x0000000008000738                __aeabi_ul2d
                0x0000000008000748                __floatdidf
                0x0000000008000748                __aeabi_l2d
 .text          0x00000000080007a4       0x40 C:/ST/STM32CubeIDE_1.14.0/STM32CubeIDE/plugins/com.st.stm32cube.ide.mcu.externaltools.gnu-tools-for-stm32.11.3.rel1.win32_1.1.100.202309141235/tools/bin/../lib/gcc/arm-none-eabi/11.3.1/thumb/v7e-m+fp/hard\libgcc.a(_arm_fixunsdfsi.o)
                0x00000000080007a4                __aeabi_d2uiz
                0x00000000080007a4                __fixunsdfsi
 .text          0x00000000080007e4       0x30 C:/ST/STM32CubeIDE_1.14.0/STM32CubeIDE/plugins/com.st.stm32cube.ide.mcu.externaltools.gnu-tools-for-stm32.11.3.rel1.win32_1.1.100.202309141235/tools/bin/../lib/gcc/arm-none-eabi/11.3.1/thumb/v7e-m+fp/hard\libgcc.a(_aeabi_uldivmod.o)
                0x00000000080007e4                __aeabi_uldivmod
 .text          0x0000000008000814      0x2c8 C:/ST/STM32CubeIDE_1.14.0/STM32CubeIDE/plugins/com.st.stm32cube.ide.mcu.externaltools.gnu-tools-for-stm32.11.3.rel1.win32_1.1.100.202309141235/tools/bin/../lib/gcc/arm-none-eabi/11.3.1/thumb/v7e-m+fp/hard\libgcc.a(_udivmoddi4.o)
                0x0000000008000814                __udivmoddi4
 .text          0x0000000008000adc        0x4 C:/ST/STM32CubeIDE_1.14.0/STM32CubeIDE/plugins/com.st.stm32cube.ide.mcu.externaltools.gnu-tools-for-stm32.11.3.rel1.win32_1.1.100.202309141235/tools/bin/../lib/gcc/arm-none-eabi/11.3.1/thumb/v7e-m+fp/hard\libgcc.a(_dvmd_tls.o)
                0x0000000008000adc                __aeabi_idiv0
                0x0000000008000adc                __aeabi_ldiv0
 *(.text*)
 .text.Bootloader_Handle_Command
                0x0000000008000ae0       0xd8 ./Core/Src/bootloader.o
                0x0000000008000ae0                Bootloader_Handle_Command
 .text.Bootloader_Get_Chip_Identification_Number
                0x0000000008000bb8       0x6c ./Core/Src/bootloader.o
 .text.CBL_STM32F401_Get_RDP_Level
                0x0000000008000c24       0x1a ./Core/Src/bootloader.o
 .text.Bootloader_Read_Protection_Level
                0x0000000008000c3e       0x6a ./Core/Src/bootloader.o
 .text.Bootloader_Jump_To_User_App
                0x0000000008000ca8       0x98 ./Core/Src/bootloader.o
 .text.Perform_Flash_Erase
                0x0000000008000d40       0xce ./Core/Src/bootloader.o
 .text.Bootloader_Erase_Flash
                0x0000000008000e0e       0x58 ./Core/Src/bootloader.o
 .text.Flash_Memory_Write_Payload
                0x0000000008000e66       0xaa ./Core/Src/bootloader.o
 .text.Bootloader_Memory_Write
                0x0000000008000f10       0xbc ./Core/Src/bootloader.o
 .text.Host_Address_Verification
                0x0000000008000fcc       0x50 ./Core/Src/bootloader.o
 .text.Bootloader_CRC_Verify
                0x000000000800101c       0x7c ./Core/Src/bootloader.o
 .text.Bootloader_Send_NACK
                0x0000000008001098       0x24 ./Core/Src/bootloader.o
 .text.Bootloader_Send_Data_To_Host
                0x00000000080010bc       0x28 ./Core/Src/bootloader.o
 .text.MX_CRC_Init
                0x00000000080010e4       0x28 ./Core/Src/crc.o
                0x00000000080010e4                MX_CRC_Init
 .text.HAL_CRC_MspInit
                0x000000000800110c       0x44 ./Core/Src/crc.o
                0x000000000800110c                HAL_CRC_MspInit
 .text.MX_GPIO_Init
                0x0000000008001150       0xf8 ./Core/Src/gpio.o
                0x0000000008001150                MX_GPIO_Init
 .text.HAL_TIM_PeriodElapsedCallback
                0x0000000008001248       0x44 ./Core/Src/main.o
                0x0000000008001248                HAL_TIM_PeriodElapsedCallback
 .text.main     0x000000000800128c      0x18c ./Core/Src/main.o
                0x000000000800128c                main
 .text.SystemClock_Config
                0x0000000008001418       0xd4 ./Core/Src/main.o
                0x0000000008001418                SystemClock_Config
 .text.Error_Handler
                0x00000000080014ec        0xa ./Core/Src/main.o
                0x00000000080014ec                Error_Handler
 *fill*         0x00000000080014f6        0x2 
 .text.HAL_MspInit
                0x00000000080014f8       0x50 ./Core/Src/stm32f4xx_hal_msp.o
                0x00000000080014f8                HAL_MspInit
 .text.NMI_Handler
                0x0000000008001548        0x6 ./Core/Src/stm32f4xx_it.o
                0x0000000008001548                NMI_Handler
 .text.HardFault_Handler
                0x000000000800154e        0x6 ./Core/Src/stm32f4xx_it.o
                0x000000000800154e                HardFault_Handler
 .text.MemManage_Handler
                0x0000000008001554        0x6 ./Core/Src/stm32f4xx_it.o
                0x0000000008001554                MemManage_Handler
 .text.BusFault_Handler
                0x000000000800155a        0x6 ./Core/Src/stm32f4xx_it.o
                0x000000000800155a                BusFault_Handler
 .text.UsageFault_Handler
                0x0000000008001560        0x6 ./Core/Src/stm32f4xx_it.o
                0x0000000008001560                UsageFault_Handler
 .text.SVC_Handler
                0x0000000008001566        0xe ./Core/Src/stm32f4xx_it.o
                0x0000000008001566                SVC_Handler
 .text.DebugMon_Handler
                0x0000000008001574        0xe ./Core/Src/stm32f4xx_it.o
                0x0000000008001574                DebugMon_Handler
 .text.PendSV_Handler
                0x0000000008001582        0xe ./Core/Src/stm32f4xx_it.o
                0x0000000008001582                PendSV_Handler
 .text.SysTick_Handler
                0x0000000008001590        0xc ./Core/Src/stm32f4xx_it.o
                0x0000000008001590                SysTick_Handler
 .text.TIM1_UP_TIM10_IRQHandler
                0x000000000800159c       0x14 ./Core/Src/stm32f4xx_it.o
                0x000000000800159c                TIM1_UP_TIM10_IRQHandler
 .text.TIM2_IRQHandler
                0x00000000080015b0       0x14 ./Core/Src/stm32f4xx_it.o
                0x00000000080015b0                TIM2_IRQHandler
 .text.SystemInit
                0x00000000080015c4       0x24 ./Core/Src/system_stm32f4xx.o
                0x00000000080015c4                SystemInit
 .text.MX_TIM2_Init
                0x00000000080015e8       0xa4 ./Core/Src/tim.o
                0x00000000080015e8                MX_TIM2_Init
 .text.MX_TIM3_Init
                0x000000000800168c       0xf4 ./Core/Src/tim.o
                0x000000000800168c                MX_TIM3_Init
 .text.MX_TIM10_Init
                0x0000000008001780       0x48 ./Core/Src/tim.o
                0x0000000008001780                MX_TIM10_Init
 .text.HAL_TIM_IC_MspInit
                0x00000000080017c8       0x9c ./Core/Src/tim.o
                0x00000000080017c8                HAL_TIM_IC_MspInit
 .text.HAL_TIM_PWM_MspInit
                0x0000000008001864       0x44 ./Core/Src/tim.o
                0x0000000008001864                HAL_TIM_PWM_MspInit
 .text.HAL_TIM_Base_MspInit
                0x00000000080018a8       0x50 ./Core/Src/tim.o
                0x00000000080018a8                HAL_TIM_Base_MspInit
 .text.HAL_TIM_MspPostInit
                0x00000000080018f8       0xb4 ./Core/Src/tim.o
                0x00000000080018f8                HAL_TIM_MspPostInit
 .text.MX_USART1_UART_Init
                0x00000000080019ac       0x54 ./Core/Src/usart.o
                0x00000000080019ac                MX_USART1_UART_Init
 .text.HAL_UART_MspInit
                0x0000000008001a00       0x90 ./Core/Src/usart.o
                0x0000000008001a00                HAL_UART_MspInit
 .text.Reset_Handler
                0x0000000008001a90       0x50 ./Core/Startup/startup_stm32f401rctx.o
                0x0000000008001a90                Reset_Handler
 .text.Default_Handler
                0x0000000008001ae0        0x2 ./Core/Startup/startup_stm32f401rctx.o
                0x0000000008001ae0                RTC_Alarm_IRQHandler
                0x0000000008001ae0                EXTI2_IRQHandler
                0x0000000008001ae0                SPI4_IRQHandler
                0x0000000008001ae0                TIM1_CC_IRQHandler
                0x0000000008001ae0                DMA2_Stream5_IRQHandler
                0x0000000008001ae0                DMA1_Stream5_IRQHandler
                0x0000000008001ae0                PVD_IRQHandler
                0x0000000008001ae0                SDIO_IRQHandler
                0x0000000008001ae0                TAMP_STAMP_IRQHandler
                0x0000000008001ae0                EXTI3_IRQHandler
                0x0000000008001ae0                I2C3_ER_IRQHandler
                0x0000000008001ae0                EXTI0_IRQHandler
                0x0000000008001ae0                I2C2_EV_IRQHandler
                0x0000000008001ae0                DMA1_Stream2_IRQHandler
                0x0000000008001ae0                FPU_IRQHandler
                0x0000000008001ae0                DMA2_Stream2_IRQHandler
                0x0000000008001ae0                SPI1_IRQHandler
                0x0000000008001ae0                TIM1_BRK_TIM9_IRQHandler
                0x0000000008001ae0                DMA2_Stream3_IRQHandler
                0x0000000008001ae0                USART6_IRQHandler
                0x0000000008001ae0                DMA2_Stream0_IRQHandler
                0x0000000008001ae0                TIM4_IRQHandler
                0x0000000008001ae0                I2C1_EV_IRQHandler
                0x0000000008001ae0                DMA1_Stream6_IRQHandler
                0x0000000008001ae0                DMA1_Stream1_IRQHandler
                0x0000000008001ae0                TIM3_IRQHandler
                0x0000000008001ae0                RCC_IRQHandler
                0x0000000008001ae0                Default_Handler
                0x0000000008001ae0                EXTI15_10_IRQHandler
                0x0000000008001ae0                ADC_IRQHandler
                0x0000000008001ae0                DMA1_Stream7_IRQHandler
                0x0000000008001ae0                TIM5_IRQHandler
                0x0000000008001ae0                DMA2_Stream7_IRQHandler
                0x0000000008001ae0                I2C3_EV_IRQHandler
                0x0000000008001ae0                EXTI9_5_IRQHandler
                0x0000000008001ae0                RTC_WKUP_IRQHandler
                0x0000000008001ae0                SPI2_IRQHandler
                0x0000000008001ae0                DMA1_Stream0_IRQHandler
                0x0000000008001ae0                EXTI4_IRQHandler
                0x0000000008001ae0                WWDG_IRQHandler
                0x0000000008001ae0                OTG_FS_WKUP_IRQHandler
                0x0000000008001ae0                TIM1_TRG_COM_TIM11_IRQHandler
                0x0000000008001ae0                EXTI1_IRQHandler
                0x0000000008001ae0                USART2_IRQHandler
                0x0000000008001ae0                I2C2_ER_IRQHandler
                0x0000000008001ae0                DMA2_Stream1_IRQHandler
                0x0000000008001ae0                FLASH_IRQHandler
                0x0000000008001ae0                DMA2_Stream4_IRQHandler
                0x0000000008001ae0                USART1_IRQHandler
                0x0000000008001ae0                OTG_FS_IRQHandler
                0x0000000008001ae0                SPI3_IRQHandler
                0x0000000008001ae0                DMA1_Stream4_IRQHandler
                0x0000000008001ae0                I2C1_ER_IRQHandler
                0x0000000008001ae0                DMA2_Stream6_IRQHandler
                0x0000000008001ae0                DMA1_Stream3_IRQHandler
 *fill*         0x0000000008001ae2        0x2 
 .text.HAL_Init
                0x0000000008001ae4       0x44 ./Drivers/STM32F4xx_HAL_Driver/Src/stm32f4xx_hal.o
                0x0000000008001ae4                HAL_Init
 .text.HAL_InitTick
                0x0000000008001b28       0x60 ./Drivers/STM32F4xx_HAL_Driver/Src/stm32f4xx_hal.o
                0x0000000008001b28                HAL_InitTick
 .text.HAL_IncTick
                0x0000000008001b88       0x28 ./Drivers/STM32F4xx_HAL_Driver/Src/stm32f4xx_hal.o
                0x0000000008001b88                HAL_IncTick
 .text.HAL_GetTick
                0x0000000008001bb0       0x18 ./Drivers/STM32F4xx_HAL_Driver/Src/stm32f4xx_hal.o
                0x0000000008001bb0                HAL_GetTick
 .text.HAL_Delay
                0x0000000008001bc8       0x48 ./Drivers/STM32F4xx_HAL_Driver/Src/stm32f4xx_hal.o
                0x0000000008001bc8                HAL_Delay
 .text.__NVIC_SetPriorityGrouping
                0x0000000008001c10       0x48 ./Drivers/STM32F4xx_HAL_Driver/Src/stm32f4xx_hal_cortex.o
 .text.__NVIC_GetPriorityGrouping
                0x0000000008001c58       0x1c ./Drivers/STM32F4xx_HAL_Driver/Src/stm32f4xx_hal_cortex.o
 .text.__NVIC_EnableIRQ
                0x0000000008001c74       0x3c ./Drivers/STM32F4xx_HAL_Driver/Src/stm32f4xx_hal_cortex.o
 .text.__NVIC_SetPriority
                0x0000000008001cb0       0x54 ./Drivers/STM32F4xx_HAL_Driver/Src/stm32f4xx_hal_cortex.o
 .text.NVIC_EncodePriority
                0x0000000008001d04       0x66 ./Drivers/STM32F4xx_HAL_Driver/Src/stm32f4xx_hal_cortex.o
 *fill*         0x0000000008001d6a        0x2 
 .text.SysTick_Config
                0x0000000008001d6c       0x44 ./Drivers/STM32F4xx_HAL_Driver/Src/stm32f4xx_hal_cortex.o
 .text.HAL_NVIC_SetPriorityGrouping
                0x0000000008001db0       0x16 ./Drivers/STM32F4xx_HAL_Driver/Src/stm32f4xx_hal_cortex.o
                0x0000000008001db0                HAL_NVIC_SetPriorityGrouping
 .text.HAL_NVIC_SetPriority
                0x0000000008001dc6       0x38 ./Drivers/STM32F4xx_HAL_Driver/Src/stm32f4xx_hal_cortex.o
                0x0000000008001dc6                HAL_NVIC_SetPriority
 .text.HAL_NVIC_EnableIRQ
                0x0000000008001dfe       0x1c ./Drivers/STM32F4xx_HAL_Driver/Src/stm32f4xx_hal_cortex.o
                0x0000000008001dfe                HAL_NVIC_EnableIRQ
 .text.HAL_SYSTICK_Config
                0x0000000008001e1a       0x18 ./Drivers/STM32F4xx_HAL_Driver/Src/stm32f4xx_hal_cortex.o
                0x0000000008001e1a                HAL_SYSTICK_Config
 .text.HAL_CRC_Init
                0x0000000008001e32       0x38 ./Drivers/STM32F4xx_HAL_Driver/Src/stm32f4xx_hal_crc.o
                0x0000000008001e32                HAL_CRC_Init
 .text.HAL_CRC_Accumulate
                0x0000000008001e6a       0x56 ./Drivers/STM32F4xx_HAL_Driver/Src/stm32f4xx_hal_crc.o
                0x0000000008001e6a                HAL_CRC_Accumulate
 .text.HAL_FLASH_Program
                0x0000000008001ec0       0xa8 ./Drivers/STM32F4xx_HAL_Driver/Src/stm32f4xx_hal_flash.o
                0x0000000008001ec0                HAL_FLASH_Program
 .text.HAL_FLASH_Unlock
                0x0000000008001f68       0x44 ./Drivers/STM32F4xx_HAL_Driver/Src/stm32f4xx_hal_flash.o
                0x0000000008001f68                HAL_FLASH_Unlock
 .text.HAL_FLASH_Lock
                0x0000000008001fac       0x20 ./Drivers/STM32F4xx_HAL_Driver/Src/stm32f4xx_hal_flash.o
                0x0000000008001fac                HAL_FLASH_Lock
 .text.FLASH_WaitForLastOperation
                0x0000000008001fcc       0x80 ./Drivers/STM32F4xx_HAL_Driver/Src/stm32f4xx_hal_flash.o
                0x0000000008001fcc                FLASH_WaitForLastOperation
 .text.FLASH_Program_DoubleWord
                0x000000000800204c       0x64 ./Drivers/STM32F4xx_HAL_Driver/Src/stm32f4xx_hal_flash.o
 .text.FLASH_Program_Word
                0x00000000080020b0       0x44 ./Drivers/STM32F4xx_HAL_Driver/Src/stm32f4xx_hal_flash.o
 .text.FLASH_Program_HalfWord
                0x00000000080020f4       0x48 ./Drivers/STM32F4xx_HAL_Driver/Src/stm32f4xx_hal_flash.o
 .text.FLASH_Program_Byte
                0x000000000800213c       0x44 ./Drivers/STM32F4xx_HAL_Driver/Src/stm32f4xx_hal_flash.o
 .text.FLASH_SetErrorCode
                0x0000000008002180       0xcc ./Drivers/STM32F4xx_HAL_Driver/Src/stm32f4xx_hal_flash.o
 .text.HAL_FLASHEx_Erase
                0x000000000800224c       0xe0 ./Drivers/STM32F4xx_HAL_Driver/Src/stm32f4xx_hal_flash_ex.o
                0x000000000800224c                HAL_FLASHEx_Erase
 .text.HAL_FLASHEx_OBGetConfig
                0x000000000800232c       0x46 ./Drivers/STM32F4xx_HAL_Driver/Src/stm32f4xx_hal_flash_ex.o
                0x000000000800232c                HAL_FLASHEx_OBGetConfig
 *fill*         0x0000000008002372        0x2 
 .text.FLASH_MassErase
                0x0000000008002374       0x48 ./Drivers/STM32F4xx_HAL_Driver/Src/stm32f4xx_hal_flash_ex.o
 .text.FLASH_Erase_Sector
                0x00000000080023bc       0x90 ./Drivers/STM32F4xx_HAL_Driver/Src/stm32f4xx_hal_flash_ex.o
                0x00000000080023bc                FLASH_Erase_Sector
 .text.FLASH_OB_GetUser
                0x000000000800244c       0x20 ./Drivers/STM32F4xx_HAL_Driver/Src/stm32f4xx_hal_flash_ex.o
 .text.FLASH_OB_GetWRP
                0x000000000800246c       0x18 ./Drivers/STM32F4xx_HAL_Driver/Src/stm32f4xx_hal_flash_ex.o
 .text.FLASH_OB_GetRDP
                0x0000000008002484       0x40 ./Drivers/STM32F4xx_HAL_Driver/Src/stm32f4xx_hal_flash_ex.o
 .text.FLASH_OB_GetBOR
                0x00000000080024c4       0x20 ./Drivers/STM32F4xx_HAL_Driver/Src/stm32f4xx_hal_flash_ex.o
 .text.FLASH_FlushCaches
                0x00000000080024e4       0x8c ./Drivers/STM32F4xx_HAL_Driver/Src/stm32f4xx_hal_flash_ex.o
                0x00000000080024e4                FLASH_FlushCaches
 .text.HAL_GPIO_Init
                0x0000000008002570      0x308 ./Drivers/STM32F4xx_HAL_Driver/Src/stm32f4xx_hal_gpio.o
                0x0000000008002570                HAL_GPIO_Init
 .text.HAL_GPIO_WritePin
                0x0000000008002878       0x32 ./Drivers/STM32F4xx_HAL_Driver/Src/stm32f4xx_hal_gpio.o
                0x0000000008002878                HAL_GPIO_WritePin
 .text.HAL_GPIO_TogglePin
                0x00000000080028aa       0x34 ./Drivers/STM32F4xx_HAL_Driver/Src/stm32f4xx_hal_gpio.o
                0x00000000080028aa                HAL_GPIO_TogglePin
 *fill*         0x00000000080028de        0x2 
 .text.HAL_RCC_OscConfig
                0x00000000080028e0      0x4f0 ./Drivers/STM32F4xx_HAL_Driver/Src/stm32f4xx_hal_rcc.o
                0x00000000080028e0                HAL_RCC_OscConfig
 .text.HAL_RCC_ClockConfig
                0x0000000008002dd0      0x1cc ./Drivers/STM32F4xx_HAL_Driver/Src/stm32f4xx_hal_rcc.o
                0x0000000008002dd0                HAL_RCC_ClockConfig
 .text.HAL_RCC_GetSysClockFreq
                0x0000000008002f9c      0x18c ./Drivers/STM32F4xx_HAL_Driver/Src/stm32f4xx_hal_rcc.o
                0x0000000008002f9c                HAL_RCC_GetSysClockFreq
 .text.HAL_RCC_GetHCLKFreq
                0x0000000008003128       0x18 ./Drivers/STM32F4xx_HAL_Driver/Src/stm32f4xx_hal_rcc.o
                0x0000000008003128                HAL_RCC_GetHCLKFreq
 .text.HAL_RCC_GetPCLK1Freq
                0x0000000008003140       0x28 ./Drivers/STM32F4xx_HAL_Driver/Src/stm32f4xx_hal_rcc.o
                0x0000000008003140                HAL_RCC_GetPCLK1Freq
 .text.HAL_RCC_GetPCLK2Freq
                0x0000000008003168       0x28 ./Drivers/STM32F4xx_HAL_Driver/Src/stm32f4xx_hal_rcc.o
                0x0000000008003168                HAL_RCC_GetPCLK2Freq
 .text.HAL_RCC_DeInit
                0x0000000008003190      0x19c ./Drivers/STM32F4xx_HAL_Driver/Src/stm32f4xx_hal_rcc_ex.o
                0x0000000008003190                HAL_RCC_DeInit
 .text.HAL_TIM_Base_Init
                0x000000000800332c       0x9e ./Drivers/STM32F4xx_HAL_Driver/Src/stm32f4xx_hal_tim.o
                0x000000000800332c                HAL_TIM_Base_Init
 *fill*         0x00000000080033ca        0x2 
 .text.HAL_TIM_Base_Start_IT
                0x00000000080033cc       0xc4 ./Drivers/STM32F4xx_HAL_Driver/Src/stm32f4xx_hal_tim.o
                0x00000000080033cc                HAL_TIM_Base_Start_IT
 .text.HAL_TIM_PWM_Init
                0x0000000008003490       0x9e ./Drivers/STM32F4xx_HAL_Driver/Src/stm32f4xx_hal_tim.o
                0x0000000008003490                HAL_TIM_PWM_Init
 *fill*         0x000000000800352e        0x2 
 .text.HAL_TIM_PWM_Start
                0x0000000008003530      0x160 ./Drivers/STM32F4xx_HAL_Driver/Src/stm32f4xx_hal_tim.o
                0x0000000008003530                HAL_TIM_PWM_Start
 .text.HAL_TIM_IC_Init
                0x0000000008003690       0x9e ./Drivers/STM32F4xx_HAL_Driver/Src/stm32f4xx_hal_tim.o
                0x0000000008003690                HAL_TIM_IC_Init
 *fill*         0x000000000800372e        0x2 
 .text.HAL_TIM_IC_Start_IT
                0x0000000008003730      0x234 ./Drivers/STM32F4xx_HAL_Driver/Src/stm32f4xx_hal_tim.o
                0x0000000008003730                HAL_TIM_IC_Start_IT
 .text.HAL_TIM_IRQHandler
                0x0000000008003964      0x1e0 ./Drivers/STM32F4xx_HAL_Driver/Src/stm32f4xx_hal_tim.o
                0x0000000008003964                HAL_TIM_IRQHandler
 .text.HAL_TIM_IC_ConfigChannel
                0x0000000008003b44      0x138 ./Drivers/STM32F4xx_HAL_Driver/Src/stm32f4xx_hal_tim.o
                0x0000000008003b44                HAL_TIM_IC_ConfigChannel
 .text.HAL_TIM_PWM_ConfigChannel
                0x0000000008003c7c      0x184 ./Drivers/STM32F4xx_HAL_Driver/Src/stm32f4xx_hal_tim.o
                0x0000000008003c7c                HAL_TIM_PWM_ConfigChannel
 .text.HAL_TIM_ReadCapturedValue
                0x0000000008003e00       0x88 ./Drivers/STM32F4xx_HAL_Driver/Src/stm32f4xx_hal_tim.o
                0x0000000008003e00                HAL_TIM_ReadCapturedValue
 .text.HAL_TIM_OC_DelayElapsedCallback
                0x0000000008003e88       0x14 ./Drivers/STM32F4xx_HAL_Driver/Src/stm32f4xx_hal_tim.o
                0x0000000008003e88                HAL_TIM_OC_DelayElapsedCallback
 .text.HAL_TIM_PWM_PulseFinishedCallback
                0x0000000008003e9c       0x14 ./Drivers/STM32F4xx_HAL_Driver/Src/stm32f4xx_hal_tim.o
                0x0000000008003e9c                HAL_TIM_PWM_PulseFinishedCallback
 .text.HAL_TIM_TriggerCallback
                0x0000000008003eb0       0x14 ./Drivers/STM32F4xx_HAL_Driver/Src/stm32f4xx_hal_tim.o
                0x0000000008003eb0                HAL_TIM_TriggerCallback
 .text.TIM_Base_SetConfig
                0x0000000008003ec4      0x118 ./Drivers/STM32F4xx_HAL_Driver/Src/stm32f4xx_hal_tim.o
                0x0000000008003ec4                TIM_Base_SetConfig
 .text.TIM_OC1_SetConfig
                0x0000000008003fdc       0xcc ./Drivers/STM32F4xx_HAL_Driver/Src/stm32f4xx_hal_tim.o
 .text.TIM_OC2_SetConfig
                0x00000000080040a8       0xd8 ./Drivers/STM32F4xx_HAL_Driver/Src/stm32f4xx_hal_tim.o
                0x00000000080040a8                TIM_OC2_SetConfig
 .text.TIM_OC3_SetConfig
                0x0000000008004180       0xd4 ./Drivers/STM32F4xx_HAL_Driver/Src/stm32f4xx_hal_tim.o
 .text.TIM_OC4_SetConfig
                0x0000000008004254       0xa0 ./Drivers/STM32F4xx_HAL_Driver/Src/stm32f4xx_hal_tim.o
 .text.TIM_TI1_SetConfig
                0x00000000080042f4       0xd0 ./Drivers/STM32F4xx_HAL_Driver/Src/stm32f4xx_hal_tim.o
                0x00000000080042f4                TIM_TI1_SetConfig
 .text.TIM_TI2_SetConfig
                0x00000000080043c4       0x7a ./Drivers/STM32F4xx_HAL_Driver/Src/stm32f4xx_hal_tim.o
 .text.TIM_TI3_SetConfig
                0x000000000800443e       0x78 ./Drivers/STM32F4xx_HAL_Driver/Src/stm32f4xx_hal_tim.o
 .text.TIM_TI4_SetConfig
                0x00000000080044b6       0x7a ./Drivers/STM32F4xx_HAL_Driver/Src/stm32f4xx_hal_tim.o
 .text.TIM_CCxChannelCmd
                0x0000000008004530       0x4a ./Drivers/STM32F4xx_HAL_Driver/Src/stm32f4xx_hal_tim.o
                0x0000000008004530                TIM_CCxChannelCmd
 *fill*         0x000000000800457a        0x2 
 .text.HAL_TIMEx_MasterConfigSynchronization
                0x000000000800457c       0xdc ./Drivers/STM32F4xx_HAL_Driver/Src/stm32f4xx_hal_tim_ex.o
                0x000000000800457c                HAL_TIMEx_MasterConfigSynchronization
 .text.HAL_TIMEx_CommutCallback
                0x0000000008004658       0x14 ./Drivers/STM32F4xx_HAL_Driver/Src/stm32f4xx_hal_tim_ex.o
                0x0000000008004658                HAL_TIMEx_CommutCallback
 .text.HAL_TIMEx_BreakCallback
                0x000000000800466c       0x14 ./Drivers/STM32F4xx_HAL_Driver/Src/stm32f4xx_hal_tim_ex.o
                0x000000000800466c                HAL_TIMEx_BreakCallback
 .text.HAL_UART_Init
                0x0000000008004680       0xa0 ./Drivers/STM32F4xx_HAL_Driver/Src/stm32f4xx_hal_uart.o
                0x0000000008004680                HAL_UART_Init
 .text.HAL_UART_Transmit
                0x0000000008004720      0x116 ./Drivers/STM32F4xx_HAL_Driver/Src/stm32f4xx_hal_uart.o
                0x0000000008004720                HAL_UART_Transmit
 .text.HAL_UART_Receive
                0x0000000008004836      0x12e ./Drivers/STM32F4xx_HAL_Driver/Src/stm32f4xx_hal_uart.o
                0x0000000008004836                HAL_UART_Receive
 .text.UART_WaitOnFlagUntilTimeout
                0x0000000008004964       0xb2 ./Drivers/STM32F4xx_HAL_Driver/Src/stm32f4xx_hal_uart.o
 .text.UART_EndRxTransfer
                0x0000000008004a16       0xc6 ./Drivers/STM32F4xx_HAL_Driver/Src/stm32f4xx_hal_uart.o
 .text.UART_SetConfig
                0x0000000008004adc      0x4e8 ./Drivers/STM32F4xx_HAL_Driver/Src/stm32f4xx_hal_uart.o
 .text.Rover_Initialize
                0x0000000008004fc4       0x48 ./HAL/Motor/motor.o
                0x0000000008004fc4                Rover_Initialize
 .text.Rover_Forward
                0x000000000800500c       0x38 ./HAL/Motor/motor.o
                0x000000000800500c                Rover_Forward
 .text.Rover_Backward
                0x0000000008005044       0x38 ./HAL/Motor/motor.o
                0x0000000008005044                Rover_Backward
 .text.Rover_Right
                0x000000000800507c       0x38 ./HAL/Motor/motor.o
                0x000000000800507c                Rover_Right
 .text.Rover_Left
                0x00000000080050b4       0x38 ./HAL/Motor/motor.o
                0x00000000080050b4                Rover_Left
 .text.Rover_Stop
                0x00000000080050ec       0x40 ./HAL/Motor/motor.o
                0x00000000080050ec                Rover_Stop
 .text.Rover_Change_Speed
                0x000000000800512c       0x68 ./HAL/Motor/motor.o
                0x000000000800512c                Rover_Change_Speed
 .text.Set_Speed
                0x0000000008005194       0x80 ./HAL/Motor/motor.o
 .text.adjust_PWM_dutyCycle
                0x0000000008005214       0x84 ./HAL/Motor/motor.o
 .text.Delay_10US
                0x0000000008005298       0x28 ./HAL/Ultrasonic/ultrasonic.o
 .text.Ultrasnoic_Initialize
                0x00000000080052c0       0x20 ./HAL/Ultrasonic/ultrasonic.o
                0x00000000080052c0                Ultrasnoic_Initialize
 .text.Ultrasonic_Get_Distance
                0x00000000080052e0       0x38 ./HAL/Ultrasonic/ultrasonic.o
                0x00000000080052e0                Ultrasonic_Get_Distance
 .text.HAL_TIM_IC_CaptureCallback
                0x0000000008005318      0x134 ./HAL/Ultrasonic/ultrasonic.o
                0x0000000008005318                HAL_TIM_IC_CaptureCallback
 .text.memset   0x000000000800544c       0x10 C:/ST/STM32CubeIDE_1.14.0/STM32CubeIDE/plugins/com.st.stm32cube.ide.mcu.externaltools.gnu-tools-for-stm32.11.3.rel1.win32_1.1.100.202309141235/tools/bin/../lib/gcc/arm-none-eabi/11.3.1/../../../../arm-none-eabi/lib/thumb/v7e-m+fp/hard\libc_nano.a(libc_a-memset.o)
                0x000000000800544c                memset
 .text.__libc_init_array
                0x000000000800545c       0x48 C:/ST/STM32CubeIDE_1.14.0/STM32CubeIDE/plugins/com.st.stm32cube.ide.mcu.externaltools.gnu-tools-for-stm32.11.3.rel1.win32_1.1.100.202309141235/tools/bin/../lib/gcc/arm-none-eabi/11.3.1/../../../../arm-none-eabi/lib/thumb/v7e-m+fp/hard\libc_nano.a(libc_a-init.o)
                0x000000000800545c                __libc_init_array
 *(.glue_7)
 .glue_7        0x00000000080054a4        0x0 linker stubs
 *(.glue_7t)
 .glue_7t       0x00000000080054a4        0x0 linker stubs
 *(.eh_frame)
 .eh_frame      0x00000000080054a4        0x0 C:/ST/STM32CubeIDE_1.14.0/STM32CubeIDE/plugins/com.st.stm32cube.ide.mcu.externaltools.gnu-tools-for-stm32.11.3.rel1.win32_1.1.100.202309141235/tools/bin/../lib/gcc/arm-none-eabi/11.3.1/thumb/v7e-m+fp/hard/crtbegin.o
 *(.init)
 .init          0x00000000080054a4        0x4 C:/ST/STM32CubeIDE_1.14.0/STM32CubeIDE/plugins/com.st.stm32cube.ide.mcu.externaltools.gnu-tools-for-stm32.11.3.rel1.win32_1.1.100.202309141235/tools/bin/../lib/gcc/arm-none-eabi/11.3.1/thumb/v7e-m+fp/hard/crti.o
                0x00000000080054a4                _init
 .init          0x00000000080054a8        0x8 C:/ST/STM32CubeIDE_1.14.0/STM32CubeIDE/plugins/com.st.stm32cube.ide.mcu.externaltools.gnu-tools-for-stm32.11.3.rel1.win32_1.1.100.202309141235/tools/bin/../lib/gcc/arm-none-eabi/11.3.1/thumb/v7e-m+fp/hard/crtn.o
 *(.fini)
 .fini          0x00000000080054b0        0x4 C:/ST/STM32CubeIDE_1.14.0/STM32CubeIDE/plugins/com.st.stm32cube.ide.mcu.externaltools.gnu-tools-for-stm32.11.3.rel1.win32_1.1.100.202309141235/tools/bin/../lib/gcc/arm-none-eabi/11.3.1/thumb/v7e-m+fp/hard/crti.o
                0x00000000080054b0                _fini
 .fini          0x00000000080054b4        0x8 C:/ST/STM32CubeIDE_1.14.0/STM32CubeIDE/plugins/com.st.stm32cube.ide.mcu.externaltools.gnu-tools-for-stm32.11.3.rel1.win32_1.1.100.202309141235/tools/bin/../lib/gcc/arm-none-eabi/11.3.1/thumb/v7e-m+fp/hard/crtn.o
                0x00000000080054bc                . = ALIGN (0x4)
                0x00000000080054bc                _etext = .

.vfp11_veneer   0x00000000080054bc        0x0
 .vfp11_veneer  0x00000000080054bc        0x0 linker stubs

.v4_bx          0x00000000080054bc        0x0
 .v4_bx         0x00000000080054bc        0x0 linker stubs

.iplt           0x00000000080054bc        0x0
 .iplt          0x00000000080054bc        0x0 C:/ST/STM32CubeIDE_1.14.0/STM32CubeIDE/plugins/com.st.stm32cube.ide.mcu.externaltools.gnu-tools-for-stm32.11.3.rel1.win32_1.1.100.202309141235/tools/bin/../lib/gcc/arm-none-eabi/11.3.1/thumb/v7e-m+fp/hard/crtbegin.o

.rodata         0x00000000080054bc       0x18
                0x00000000080054bc                . = ALIGN (0x4)
 *(.rodata)
 *(.rodata*)
 .rodata.AHBPrescTable
                0x00000000080054bc       0x10 ./Core/Src/system_stm32f4xx.o
                0x00000000080054bc                AHBPrescTable
 .rodata.APBPrescTable
                0x00000000080054cc        0x8 ./Core/Src/system_stm32f4xx.o
                0x00000000080054cc                APBPrescTable
                0x00000000080054d4                . = ALIGN (0x4)

.ARM.extab      0x00000000080054d4        0x0
                0x00000000080054d4                . = ALIGN (0x4)
 *(.ARM.extab* .gnu.linkonce.armextab.*)
                0x00000000080054d4                . = ALIGN (0x4)

.ARM            0x00000000080054d4        0x8
                0x00000000080054d4                . = ALIGN (0x4)
                0x00000000080054d4                __exidx_start = .
 *(.ARM.exidx*)
 .ARM.exidx     0x00000000080054d4        0x8 C:/ST/STM32CubeIDE_1.14.0/STM32CubeIDE/plugins/com.st.stm32cube.ide.mcu.externaltools.gnu-tools-for-stm32.11.3.rel1.win32_1.1.100.202309141235/tools/bin/../lib/gcc/arm-none-eabi/11.3.1/thumb/v7e-m+fp/hard\libgcc.a(_udivmoddi4.o)
                0x00000000080054dc                __exidx_end = .
                0x00000000080054dc                . = ALIGN (0x4)

.rel.dyn        0x00000000080054dc        0x0
 .rel.iplt      0x00000000080054dc        0x0 C:/ST/STM32CubeIDE_1.14.0/STM32CubeIDE/plugins/com.st.stm32cube.ide.mcu.externaltools.gnu-tools-for-stm32.11.3.rel1.win32_1.1.100.202309141235/tools/bin/../lib/gcc/arm-none-eabi/11.3.1/thumb/v7e-m+fp/hard/crtbegin.o

.preinit_array  0x00000000080054dc        0x0
                0x00000000080054dc                . = ALIGN (0x4)
                0x00000000080054dc                PROVIDE (__preinit_array_start = .)
 *(.preinit_array*)
                0x00000000080054dc                PROVIDE (__preinit_array_end = .)
                0x00000000080054dc                . = ALIGN (0x4)

.init_array     0x00000000080054dc        0x4
                0x00000000080054dc                . = ALIGN (0x4)
                0x00000000080054dc                PROVIDE (__init_array_start = .)
 *(SORT_BY_NAME(.init_array.*))
 *(.init_array*)
 .init_array    0x00000000080054dc        0x4 C:/ST/STM32CubeIDE_1.14.0/STM32CubeIDE/plugins/com.st.stm32cube.ide.mcu.externaltools.gnu-tools-for-stm32.11.3.rel1.win32_1.1.100.202309141235/tools/bin/../lib/gcc/arm-none-eabi/11.3.1/thumb/v7e-m+fp/hard/crtbegin.o
                0x00000000080054e0                PROVIDE (__init_array_end = .)
                0x00000000080054e0                . = ALIGN (0x4)

.fini_array     0x00000000080054e0        0x4
                0x00000000080054e0                . = ALIGN (0x4)
                [!provide]                        PROVIDE (__fini_array_start = .)
 *(SORT_BY_NAME(.fini_array.*))
 *(.fini_array*)
 .fini_array    0x00000000080054e0        0x4 C:/ST/STM32CubeIDE_1.14.0/STM32CubeIDE/plugins/com.st.stm32cube.ide.mcu.externaltools.gnu-tools-for-stm32.11.3.rel1.win32_1.1.100.202309141235/tools/bin/../lib/gcc/arm-none-eabi/11.3.1/thumb/v7e-m+fp/hard/crtbegin.o
                [!provide]                        PROVIDE (__fini_array_end = .)
                0x00000000080054e4                . = ALIGN (0x4)
                0x00000000080054e4                _sidata = LOADADDR (.data)

.data           0x0000000020000000        0xc load address 0x00000000080054e4
                0x0000000020000000                . = ALIGN (0x4)
                0x0000000020000000                _sdata = .
 *(.data)
 *(.data*)
 .data.SystemCoreClock
                0x0000000020000000        0x4 ./Core/Src/system_stm32f4xx.o
                0x0000000020000000                SystemCoreClock
 .data.uwTickPrio
                0x0000000020000004        0x4 ./Drivers/STM32F4xx_HAL_Driver/Src/stm32f4xx_hal.o
                0x0000000020000004                uwTickPrio
 .data.uwTickFreq
                0x0000000020000008        0x1 ./Drivers/STM32F4xx_HAL_Driver/Src/stm32f4xx_hal.o
                0x0000000020000008                uwTickFreq
 *(.RamFunc)
 *(.RamFunc*)
                0x000000002000000c                . = ALIGN (0x4)
 *fill*         0x0000000020000009        0x3 
                0x000000002000000c                _edata = .

.igot.plt       0x000000002000000c        0x0 load address 0x00000000080054f0
 .igot.plt      0x000000002000000c        0x0 C:/ST/STM32CubeIDE_1.14.0/STM32CubeIDE/plugins/com.st.stm32cube.ide.mcu.externaltools.gnu-tools-for-stm32.11.3.rel1.win32_1.1.100.202309141235/tools/bin/../lib/gcc/arm-none-eabi/11.3.1/thumb/v7e-m+fp/hard/crtbegin.o
                0x000000002000000c                . = ALIGN (0x4)

.bss            0x000000002000000c      0x1e4 load address 0x00000000080054f0
                0x000000002000000c                _sbss = .
                0x000000002000000c                __bss_start__ = _sbss
 *(.bss)
 .bss           0x000000002000000c       0x1c C:/ST/STM32CubeIDE_1.14.0/STM32CubeIDE/plugins/com.st.stm32cube.ide.mcu.externaltools.gnu-tools-for-stm32.11.3.rel1.win32_1.1.100.202309141235/tools/bin/../lib/gcc/arm-none-eabi/11.3.1/thumb/v7e-m+fp/hard/crtbegin.o
 *(.bss*)
 .bss.BL_Host_Buffer
                0x0000000020000028       0x64 ./Core/Src/bootloader.o
 .bss.appExists
                0x000000002000008c        0x1 ./Core/Src/bootloader.o
 *fill*         0x000000002000008d        0x3 
 .bss.hcrc      0x0000000020000090        0x8 ./Core/Src/crc.o
                0x0000000020000090                hcrc
 .bss.distance  0x0000000020000098        0x2 ./Core/Src/main.o
                0x0000000020000098                distance
 .bss.isReadingFinished
                0x000000002000009a        0x1 ./Core/Src/main.o
                0x000000002000009a                isReadingFinished
 *fill*         0x000000002000009b        0x1 
 .bss.htim2     0x000000002000009c       0x48 ./Core/Src/tim.o
                0x000000002000009c                htim2
 .bss.htim3     0x00000000200000e4       0x48 ./Core/Src/tim.o
                0x00000000200000e4                htim3
 .bss.htim10    0x000000002000012c       0x48 ./Core/Src/tim.o
                0x000000002000012c                htim10
 .bss.huart1    0x0000000020000174       0x48 ./Core/Src/usart.o
                0x0000000020000174                huart1
 .bss.uwTick    0x00000000200001bc        0x4 ./Drivers/STM32F4xx_HAL_Driver/Src/stm32f4xx_hal.o
                0x00000000200001bc                uwTick
 .bss.pFlash    0x00000000200001c0       0x20 ./Drivers/STM32F4xx_HAL_Driver/Src/stm32f4xx_hal_flash.o
                0x00000000200001c0                pFlash
 .bss.lastSpeed
                0x00000000200001e0        0x1 ./HAL/Motor/motor.o
                0x00000000200001e0                lastSpeed
 .bss.speed     0x00000000200001e1        0x1 ./HAL/Motor/motor.o
                0x00000000200001e1                speed
 .bss.isRisingCaptured
                0x00000000200001e2        0x1 ./HAL/Ultrasonic/ultrasonic.o
 *fill*         0x00000000200001e3        0x1 
 .bss.IC_Value1
                0x00000000200001e4        0x4 ./HAL/Ultrasonic/ultrasonic.o
 .bss.IC_Value2
                0x00000000200001e8        0x4 ./HAL/Ultrasonic/ultrasonic.o
 .bss.IC_Difference
                0x00000000200001ec        0x4 ./HAL/Ultrasonic/ultrasonic.o
 *(COMMON)
                0x00000000200001f0                . = ALIGN (0x4)
                0x00000000200001f0                _ebss = .
                0x00000000200001f0                __bss_end__ = _ebss

._user_heap_stack
                0x00000000200001f0      0x600 load address 0x00000000080054f0
                0x00000000200001f0                . = ALIGN (0x8)
                [!provide]                        PROVIDE (end = .)
                0x00000000200001f0                PROVIDE (_end = .)
                0x00000000200003f0                . = (. + _Min_Heap_Size)
 *fill*         0x00000000200001f0      0x200 
                0x00000000200007f0                . = (. + _Min_Stack_Size)
 *fill*         0x00000000200003f0      0x400 
                0x00000000200007f0                . = ALIGN (0x8)

/DISCARD/
 libc.a(*)
 libm.a(*)
 libgcc.a(*)

.ARM.attributes
                0x0000000000000000       0x30
 *(.ARM.attributes)
 .ARM.attributes
                0x0000000000000000       0x1e C:/ST/STM32CubeIDE_1.14.0/STM32CubeIDE/plugins/com.st.stm32cube.ide.mcu.externaltools.gnu-tools-for-stm32.11.3.rel1.win32_1.1.100.202309141235/tools/bin/../lib/gcc/arm-none-eabi/11.3.1/thumb/v7e-m+fp/hard/crti.o
 .ARM.attributes
                0x000000000000001e       0x34 C:/ST/STM32CubeIDE_1.14.0/STM32CubeIDE/plugins/com.st.stm32cube.ide.mcu.externaltools.gnu-tools-for-stm32.11.3.rel1.win32_1.1.100.202309141235/tools/bin/../lib/gcc/arm-none-eabi/11.3.1/thumb/v7e-m+fp/hard/crtbegin.o
 .ARM.attributes
                0x0000000000000052       0x34 ./Core/Src/bootloader.o
 .ARM.attributes
                0x0000000000000086       0x34 ./Core/Src/crc.o
 .ARM.attributes
                0x00000000000000ba       0x34 ./Core/Src/gpio.o
 .ARM.attributes
                0x00000000000000ee       0x34 ./Core/Src/main.o
 .ARM.attributes
                0x0000000000000122       0x34 ./Core/Src/stm32f4xx_hal_msp.o
 .ARM.attributes
                0x0000000000000156       0x34 ./Core/Src/stm32f4xx_it.o
 .ARM.attributes
                0x000000000000018a       0x34 ./Core/Src/system_stm32f4xx.o
 .ARM.attributes
                0x00000000000001be       0x34 ./Core/Src/tim.o
 .ARM.attributes
                0x00000000000001f2       0x34 ./Core/Src/usart.o
 .ARM.attributes
                0x0000000000000226       0x21 ./Core/Startup/startup_stm32f401rctx.o
 .ARM.attributes
                0x0000000000000247       0x34 ./Drivers/STM32F4xx_HAL_Driver/Src/stm32f4xx_hal.o
 .ARM.attributes
                0x000000000000027b       0x34 ./Drivers/STM32F4xx_HAL_Driver/Src/stm32f4xx_hal_cortex.o
 .ARM.attributes
                0x00000000000002af       0x34 ./Drivers/STM32F4xx_HAL_Driver/Src/stm32f4xx_hal_crc.o
 .ARM.attributes
                0x00000000000002e3       0x34 ./Drivers/STM32F4xx_HAL_Driver/Src/stm32f4xx_hal_flash.o
 .ARM.attributes
                0x0000000000000317       0x34 ./Drivers/STM32F4xx_HAL_Driver/Src/stm32f4xx_hal_flash_ex.o
 .ARM.attributes
                0x000000000000034b       0x34 ./Drivers/STM32F4xx_HAL_Driver/Src/stm32f4xx_hal_gpio.o
 .ARM.attributes
                0x000000000000037f       0x34 ./Drivers/STM32F4xx_HAL_Driver/Src/stm32f4xx_hal_rcc.o
 .ARM.attributes
                0x00000000000003b3       0x34 ./Drivers/STM32F4xx_HAL_Driver/Src/stm32f4xx_hal_rcc_ex.o
 .ARM.attributes
                0x00000000000003e7       0x34 ./Drivers/STM32F4xx_HAL_Driver/Src/stm32f4xx_hal_tim.o
 .ARM.attributes
                0x000000000000041b       0x34 ./Drivers/STM32F4xx_HAL_Driver/Src/stm32f4xx_hal_tim_ex.o
 .ARM.attributes
                0x000000000000044f       0x34 ./Drivers/STM32F4xx_HAL_Driver/Src/stm32f4xx_hal_uart.o
 .ARM.attributes
                0x0000000000000483       0x34 ./HAL/Motor/motor.o
 .ARM.attributes
                0x00000000000004b7       0x34 ./HAL/Ultrasonic/ultrasonic.o
 .ARM.attributes
                0x00000000000004eb       0x34 C:/ST/STM32CubeIDE_1.14.0/STM32CubeIDE/plugins/com.st.stm32cube.ide.mcu.externaltools.gnu-tools-for-stm32.11.3.rel1.win32_1.1.100.202309141235/tools/bin/../lib/gcc/arm-none-eabi/11.3.1/../../../../arm-none-eabi/lib/thumb/v7e-m+fp/hard\libc_nano.a(libc_a-memset.o)
 .ARM.attributes
                0x000000000000051f       0x34 C:/ST/STM32CubeIDE_1.14.0/STM32CubeIDE/plugins/com.st.stm32cube.ide.mcu.externaltools.gnu-tools-for-stm32.11.3.rel1.win32_1.1.100.202309141235/tools/bin/../lib/gcc/arm-none-eabi/11.3.1/../../../../arm-none-eabi/lib/thumb/v7e-m+fp/hard\libc_nano.a(libc_a-init.o)
 .ARM.attributes
                0x0000000000000553       0x1e C:/ST/STM32CubeIDE_1.14.0/STM32CubeIDE/plugins/com.st.stm32cube.ide.mcu.externaltools.gnu-tools-for-stm32.11.3.rel1.win32_1.1.100.202309141235/tools/bin/../lib/gcc/arm-none-eabi/11.3.1/thumb/v7e-m+fp/hard\libgcc.a(_arm_muldf3.o)
 .ARM.attributes
                0x0000000000000571       0x1e C:/ST/STM32CubeIDE_1.14.0/STM32CubeIDE/plugins/com.st.stm32cube.ide.mcu.externaltools.gnu-tools-for-stm32.11.3.rel1.win32_1.1.100.202309141235/tools/bin/../lib/gcc/arm-none-eabi/11.3.1/thumb/v7e-m+fp/hard\libgcc.a(_arm_addsubdf3.o)
 .ARM.attributes
                0x000000000000058f       0x1e C:/ST/STM32CubeIDE_1.14.0/STM32CubeIDE/plugins/com.st.stm32cube.ide.mcu.externaltools.gnu-tools-for-stm32.11.3.rel1.win32_1.1.100.202309141235/tools/bin/../lib/gcc/arm-none-eabi/11.3.1/thumb/v7e-m+fp/hard\libgcc.a(_arm_fixunsdfsi.o)
 .ARM.attributes
                0x00000000000005ad       0x1e C:/ST/STM32CubeIDE_1.14.0/STM32CubeIDE/plugins/com.st.stm32cube.ide.mcu.externaltools.gnu-tools-for-stm32.11.3.rel1.win32_1.1.100.202309141235/tools/bin/../lib/gcc/arm-none-eabi/11.3.1/thumb/v7e-m+fp/hard\libgcc.a(_aeabi_uldivmod.o)
 .ARM.attributes
                0x00000000000005cb       0x34 C:/ST/STM32CubeIDE_1.14.0/STM32CubeIDE/plugins/com.st.stm32cube.ide.mcu.externaltools.gnu-tools-for-stm32.11.3.rel1.win32_1.1.100.202309141235/tools/bin/../lib/gcc/arm-none-eabi/11.3.1/thumb/v7e-m+fp/hard\libgcc.a(_udivmoddi4.o)
 .ARM.attributes
                0x00000000000005ff       0x1e C:/ST/STM32CubeIDE_1.14.0/STM32CubeIDE/plugins/com.st.stm32cube.ide.mcu.externaltools.gnu-tools-for-stm32.11.3.rel1.win32_1.1.100.202309141235/tools/bin/../lib/gcc/arm-none-eabi/11.3.1/thumb/v7e-m+fp/hard\libgcc.a(_dvmd_tls.o)
 .ARM.attributes
                0x000000000000061d       0x1e C:/ST/STM32CubeIDE_1.14.0/STM32CubeIDE/plugins/com.st.stm32cube.ide.mcu.externaltools.gnu-tools-for-stm32.11.3.rel1.win32_1.1.100.202309141235/tools/bin/../lib/gcc/arm-none-eabi/11.3.1/thumb/v7e-m+fp/hard/crtn.o
OUTPUT(STM32_GP.elf elf32-littlearm)
LOAD linker stubs
LOAD C:/ST/STM32CubeIDE_1.14.0/STM32CubeIDE/plugins/com.st.stm32cube.ide.mcu.externaltools.gnu-tools-for-stm32.11.3.rel1.win32_1.1.100.202309141235/tools/bin/../lib/gcc/arm-none-eabi/11.3.1/../../../../arm-none-eabi/lib/thumb/v7e-m+fp/hard\libc.a
LOAD C:/ST/STM32CubeIDE_1.14.0/STM32CubeIDE/plugins/com.st.stm32cube.ide.mcu.externaltools.gnu-tools-for-stm32.11.3.rel1.win32_1.1.100.202309141235/tools/bin/../lib/gcc/arm-none-eabi/11.3.1/../../../../arm-none-eabi/lib/thumb/v7e-m+fp/hard\libm.a
LOAD C:/ST/STM32CubeIDE_1.14.0/STM32CubeIDE/plugins/com.st.stm32cube.ide.mcu.externaltools.gnu-tools-for-stm32.11.3.rel1.win32_1.1.100.202309141235/tools/bin/../lib/gcc/arm-none-eabi/11.3.1/thumb/v7e-m+fp/hard\libgcc.a

.comment        0x0000000000000000       0x43
 .comment       0x0000000000000000       0x43 C:/ST/STM32CubeIDE_1.14.0/STM32CubeIDE/plugins/com.st.stm32cube.ide.mcu.externaltools.gnu-tools-for-stm32.11.3.rel1.win32_1.1.100.202309141235/tools/bin/../lib/gcc/arm-none-eabi/11.3.1/thumb/v7e-m+fp/hard/crtbegin.o
                                         0x44 (size before relaxing)
 .comment       0x0000000000000043       0x44 ./Core/Src/bootloader.o
 .comment       0x0000000000000043       0x44 ./Core/Src/crc.o
 .comment       0x0000000000000043       0x44 ./Core/Src/gpio.o
 .comment       0x0000000000000043       0x44 ./Core/Src/main.o
 .comment       0x0000000000000043       0x44 ./Core/Src/stm32f4xx_hal_msp.o
 .comment       0x0000000000000043       0x44 ./Core/Src/stm32f4xx_it.o
 .comment       0x0000000000000043       0x44 ./Core/Src/system_stm32f4xx.o
 .comment       0x0000000000000043       0x44 ./Core/Src/tim.o
 .comment       0x0000000000000043       0x44 ./Core/Src/usart.o
 .comment       0x0000000000000043       0x44 ./Drivers/STM32F4xx_HAL_Driver/Src/stm32f4xx_hal.o
 .comment       0x0000000000000043       0x44 ./Drivers/STM32F4xx_HAL_Driver/Src/stm32f4xx_hal_cortex.o
 .comment       0x0000000000000043       0x44 ./Drivers/STM32F4xx_HAL_Driver/Src/stm32f4xx_hal_crc.o
 .comment       0x0000000000000043       0x44 ./Drivers/STM32F4xx_HAL_Driver/Src/stm32f4xx_hal_flash.o
 .comment       0x0000000000000043       0x44 ./Drivers/STM32F4xx_HAL_Driver/Src/stm32f4xx_hal_flash_ex.o
 .comment       0x0000000000000043       0x44 ./Drivers/STM32F4xx_HAL_Driver/Src/stm32f4xx_hal_gpio.o
 .comment       0x0000000000000043       0x44 ./Drivers/STM32F4xx_HAL_Driver/Src/stm32f4xx_hal_rcc.o
 .comment       0x0000000000000043       0x44 ./Drivers/STM32F4xx_HAL_Driver/Src/stm32f4xx_hal_rcc_ex.o
 .comment       0x0000000000000043       0x44 ./Drivers/STM32F4xx_HAL_Driver/Src/stm32f4xx_hal_tim.o
 .comment       0x0000000000000043       0x44 ./Drivers/STM32F4xx_HAL_Driver/Src/stm32f4xx_hal_tim_ex.o
 .comment       0x0000000000000043       0x44 ./Drivers/STM32F4xx_HAL_Driver/Src/stm32f4xx_hal_uart.o
 .comment       0x0000000000000043       0x44 ./HAL/Motor/motor.o
 .comment       0x0000000000000043       0x44 ./HAL/Ultrasonic/ultrasonic.o

.debug_info     0x0000000000000000    0x107ac
 .debug_info    0x0000000000000000      0xdb8 ./Core/Src/bootloader.o
 .debug_info    0x0000000000000db8      0x44d ./Core/Src/crc.o
 .debug_info    0x0000000000001205      0x417 ./Core/Src/gpio.o
 .debug_info    0x000000000000161c      0xf2c ./Core/Src/main.o
 .debug_info    0x0000000000002548      0x291 ./Core/Src/stm32f4xx_hal_msp.o
 .debug_info    0x00000000000027d9      0x6f2 ./Core/Src/stm32f4xx_it.o
 .debug_info    0x0000000000002ecb      0x53e ./Core/Src/system_stm32f4xx.o
 .debug_info    0x0000000000003409      0xf80 ./Core/Src/tim.o
 .debug_info    0x0000000000004389      0x94e ./Core/Src/usart.o
 .debug_info    0x0000000000004cd7       0x23 ./Core/Startup/startup_stm32f401rctx.o
 .debug_info    0x0000000000004cfa      0x8bb ./Drivers/STM32F4xx_HAL_Driver/Src/stm32f4xx_hal.o
 .debug_info    0x00000000000055b5      0xcf6 ./Drivers/STM32F4xx_HAL_Driver/Src/stm32f4xx_hal_cortex.o
 .debug_info    0x00000000000062ab      0x37d ./Drivers/STM32F4xx_HAL_Driver/Src/stm32f4xx_hal_crc.o
 .debug_info    0x0000000000006628      0x589 ./Drivers/STM32F4xx_HAL_Driver/Src/stm32f4xx_hal_flash.o
 .debug_info    0x0000000000006bb1      0x7d8 ./Drivers/STM32F4xx_HAL_Driver/Src/stm32f4xx_hal_flash_ex.o
 .debug_info    0x0000000000007389      0x6f9 ./Drivers/STM32F4xx_HAL_Driver/Src/stm32f4xx_hal_gpio.o
 .debug_info    0x0000000000007a82      0x8f1 ./Drivers/STM32F4xx_HAL_Driver/Src/stm32f4xx_hal_rcc.o
 .debug_info    0x0000000000008373      0x570 ./Drivers/STM32F4xx_HAL_Driver/Src/stm32f4xx_hal_rcc_ex.o
 .debug_info    0x00000000000088e3     0x2996 ./Drivers/STM32F4xx_HAL_Driver/Src/stm32f4xx_hal_tim.o
 .debug_info    0x000000000000b279     0x14d4 ./Drivers/STM32F4xx_HAL_Driver/Src/stm32f4xx_hal_tim_ex.o
 .debug_info    0x000000000000c74d     0x2f56 ./Drivers/STM32F4xx_HAL_Driver/Src/stm32f4xx_hal_uart.o
 .debug_info    0x000000000000f6a3      0x89c ./HAL/Motor/motor.o
 .debug_info    0x000000000000ff3f      0x86d ./HAL/Ultrasonic/ultrasonic.o

.debug_abbrev   0x0000000000000000     0x2eb1
 .debug_abbrev  0x0000000000000000      0x2cb ./Core/Src/bootloader.o
 .debug_abbrev  0x00000000000002cb      0x1aa ./Core/Src/crc.o
 .debug_abbrev  0x0000000000000475      0x151 ./Core/Src/gpio.o
 .debug_abbrev  0x00000000000005c6      0x266 ./Core/Src/main.o
 .debug_abbrev  0x000000000000082c       0xd8 ./Core/Src/stm32f4xx_hal_msp.o
 .debug_abbrev  0x0000000000000904      0x1a7 ./Core/Src/stm32f4xx_it.o
 .debug_abbrev  0x0000000000000aab      0x11a ./Core/Src/system_stm32f4xx.o
 .debug_abbrev  0x0000000000000bc5      0x2ac ./Core/Src/tim.o
 .debug_abbrev  0x0000000000000e71      0x1f8 ./Core/Src/usart.o
 .debug_abbrev  0x0000000000001069       0x12 ./Core/Startup/startup_stm32f401rctx.o
 .debug_abbrev  0x000000000000107b      0x24b ./Drivers/STM32F4xx_HAL_Driver/Src/stm32f4xx_hal.o
 .debug_abbrev  0x00000000000012c6      0x31d ./Drivers/STM32F4xx_HAL_Driver/Src/stm32f4xx_hal_cortex.o
 .debug_abbrev  0x00000000000015e3      0x180 ./Drivers/STM32F4xx_HAL_Driver/Src/stm32f4xx_hal_crc.o
 .debug_abbrev  0x0000000000001763      0x27c ./Drivers/STM32F4xx_HAL_Driver/Src/stm32f4xx_hal_flash.o
 .debug_abbrev  0x00000000000019df      0x25d ./Drivers/STM32F4xx_HAL_Driver/Src/stm32f4xx_hal_flash_ex.o
 .debug_abbrev  0x0000000000001c3c      0x1d3 ./Drivers/STM32F4xx_HAL_Driver/Src/stm32f4xx_hal_gpio.o
 .debug_abbrev  0x0000000000001e0f      0x2b6 ./Drivers/STM32F4xx_HAL_Driver/Src/stm32f4xx_hal_rcc.o
 .debug_abbrev  0x00000000000020c5      0x1b0 ./Drivers/STM32F4xx_HAL_Driver/Src/stm32f4xx_hal_rcc_ex.o
 .debug_abbrev  0x0000000000002275      0x28b ./Drivers/STM32F4xx_HAL_Driver/Src/stm32f4xx_hal_tim.o
 .debug_abbrev  0x0000000000002500      0x296 ./Drivers/STM32F4xx_HAL_Driver/Src/stm32f4xx_hal_tim_ex.o
 .debug_abbrev  0x0000000000002796      0x31b ./Drivers/STM32F4xx_HAL_Driver/Src/stm32f4xx_hal_uart.o
 .debug_abbrev  0x0000000000002ab1      0x213 ./HAL/Motor/motor.o
 .debug_abbrev  0x0000000000002cc4      0x1ed ./HAL/Ultrasonic/ultrasonic.o

.debug_aranges  0x0000000000000000      0xf58
 .debug_aranges
                0x0000000000000000       0x80 ./Core/Src/bootloader.o
 .debug_aranges
                0x0000000000000080       0x30 ./Core/Src/crc.o
 .debug_aranges
                0x00000000000000b0       0x20 ./Core/Src/gpio.o
 .debug_aranges
                0x00000000000000d0       0x38 ./Core/Src/main.o
 .debug_aranges
                0x0000000000000108       0x20 ./Core/Src/stm32f4xx_hal_msp.o
 .debug_aranges
                0x0000000000000128       0x70 ./Core/Src/stm32f4xx_it.o
 .debug_aranges
                0x0000000000000198       0x28 ./Core/Src/system_stm32f4xx.o
 .debug_aranges
                0x00000000000001c0       0x68 ./Core/Src/tim.o
 .debug_aranges
                0x0000000000000228       0x30 ./Core/Src/usart.o
 .debug_aranges
                0x0000000000000258       0x28 ./Core/Startup/startup_stm32f401rctx.o
 .debug_aranges
                0x0000000000000280       0xf0 ./Drivers/STM32F4xx_HAL_Driver/Src/stm32f4xx_hal.o
 .debug_aranges
                0x0000000000000370      0x130 ./Drivers/STM32F4xx_HAL_Driver/Src/stm32f4xx_hal_cortex.o
 .debug_aranges
                0x00000000000004a0       0x50 ./Drivers/STM32F4xx_HAL_Driver/Src/stm32f4xx_hal_crc.o
 .debug_aranges
                0x00000000000004f0       0xa0 ./Drivers/STM32F4xx_HAL_Driver/Src/stm32f4xx_hal_flash.o
 .debug_aranges
                0x0000000000000590       0xc8 ./Drivers/STM32F4xx_HAL_Driver/Src/stm32f4xx_hal_flash_ex.o
 .debug_aranges
                0x0000000000000658       0x58 ./Drivers/STM32F4xx_HAL_Driver/Src/stm32f4xx_hal_gpio.o
 .debug_aranges
                0x00000000000006b0       0x88 ./Drivers/STM32F4xx_HAL_Driver/Src/stm32f4xx_hal_rcc.o
 .debug_aranges
                0x0000000000000738       0x48 ./Drivers/STM32F4xx_HAL_Driver/Src/stm32f4xx_hal_rcc_ex.o
 .debug_aranges
                0x0000000000000780      0x3d0 ./Drivers/STM32F4xx_HAL_Driver/Src/stm32f4xx_hal_tim.o
 .debug_aranges
                0x0000000000000b50      0x168 ./Drivers/STM32F4xx_HAL_Driver/Src/stm32f4xx_hal_tim_ex.o
 .debug_aranges
                0x0000000000000cb8      0x208 ./Drivers/STM32F4xx_HAL_Driver/Src/stm32f4xx_hal_uart.o
 .debug_aranges
                0x0000000000000ec0       0x60 ./HAL/Motor/motor.o
 .debug_aranges
                0x0000000000000f20       0x38 ./HAL/Ultrasonic/ultrasonic.o

.debug_rnglists
                0x0000000000000000      0xbd0
 .debug_rnglists
                0x0000000000000000       0x60 ./Core/Src/bootloader.o
 .debug_rnglists
                0x0000000000000060       0x1f ./Core/Src/crc.o
 .debug_rnglists
                0x000000000000007f       0x14 ./Core/Src/gpio.o
 .debug_rnglists
                0x0000000000000093       0x27 ./Core/Src/main.o
 .debug_rnglists
                0x00000000000000ba       0x13 ./Core/Src/stm32f4xx_hal_msp.o
 .debug_rnglists
                0x00000000000000cd       0x4f ./Core/Src/stm32f4xx_it.o
 .debug_rnglists
                0x000000000000011c       0x1a ./Core/Src/system_stm32f4xx.o
 .debug_rnglists
                0x0000000000000136       0x4d ./Core/Src/tim.o
 .debug_rnglists
                0x0000000000000183       0x20 ./Core/Src/usart.o
 .debug_rnglists
                0x00000000000001a3       0x19 ./Core/Startup/startup_stm32f401rctx.o
 .debug_rnglists
                0x00000000000001bc       0xaf ./Drivers/STM32F4xx_HAL_Driver/Src/stm32f4xx_hal.o
 .debug_rnglists
                0x000000000000026b       0xe0 ./Drivers/STM32F4xx_HAL_Driver/Src/stm32f4xx_hal_cortex.o
 .debug_rnglists
                0x000000000000034b       0x37 ./Drivers/STM32F4xx_HAL_Driver/Src/stm32f4xx_hal_crc.o
 .debug_rnglists
                0x0000000000000382       0x78 ./Drivers/STM32F4xx_HAL_Driver/Src/stm32f4xx_hal_flash.o
 .debug_rnglists
                0x00000000000003fa       0x96 ./Drivers/STM32F4xx_HAL_Driver/Src/stm32f4xx_hal_flash_ex.o
 .debug_rnglists
                0x0000000000000490       0x3f ./Drivers/STM32F4xx_HAL_Driver/Src/stm32f4xx_hal_gpio.o
 .debug_rnglists
                0x00000000000004cf       0x66 ./Drivers/STM32F4xx_HAL_Driver/Src/stm32f4xx_hal_rcc.o
 .debug_rnglists
                0x0000000000000535       0x35 ./Drivers/STM32F4xx_HAL_Driver/Src/stm32f4xx_hal_rcc_ex.o
 .debug_rnglists
                0x000000000000056a      0x31a ./Drivers/STM32F4xx_HAL_Driver/Src/stm32f4xx_hal_tim.o
 .debug_rnglists
                0x0000000000000884      0x125 ./Drivers/STM32F4xx_HAL_Driver/Src/stm32f4xx_hal_tim_ex.o
 .debug_rnglists
                0x00000000000009a9      0x1bc ./Drivers/STM32F4xx_HAL_Driver/Src/stm32f4xx_hal_uart.o
 .debug_rnglists
                0x0000000000000b65       0x45 ./HAL/Motor/motor.o
 .debug_rnglists
                0x0000000000000baa       0x26 ./HAL/Ultrasonic/ultrasonic.o

.debug_macro    0x0000000000000000    0x17905
 .debug_macro   0x0000000000000000      0x2fb ./Core/Src/bootloader.o
 .debug_macro   0x00000000000002fb      0xaa8 ./Core/Src/bootloader.o
 .debug_macro   0x0000000000000da3       0x58 ./Core/Src/bootloader.o
 .debug_macro   0x0000000000000dfb       0x22 ./Core/Src/bootloader.o
 .debug_macro   0x0000000000000e1d       0x5b ./Core/Src/bootloader.o
 .debug_macro   0x0000000000000e78       0x2a ./Core/Src/bootloader.o
 .debug_macro   0x0000000000000ea2       0x94 ./Core/Src/bootloader.o
 .debug_macro   0x0000000000000f36       0x43 ./Core/Src/bootloader.o
 .debug_macro   0x0000000000000f79       0x34 ./Core/Src/bootloader.o
 .debug_macro   0x0000000000000fad       0x16 ./Core/Src/bootloader.o
 .debug_macro   0x0000000000000fc3       0x57 ./Core/Src/bootloader.o
 .debug_macro   0x000000000000101a       0x97 ./Core/Src/bootloader.o
 .debug_macro   0x00000000000010b1      0x369 ./Core/Src/bootloader.o
 .debug_macro   0x000000000000141a       0xfd ./Core/Src/bootloader.o
 .debug_macro   0x0000000000001517       0x16 ./Core/Src/bootloader.o
 .debug_macro   0x000000000000152d       0x43 ./Core/Src/bootloader.o
 .debug_macro   0x0000000000001570       0x34 ./Core/Src/bootloader.o
 .debug_macro   0x00000000000015a4       0x10 ./Core/Src/bootloader.o
 .debug_macro   0x00000000000015b4       0x58 ./Core/Src/bootloader.o
 .debug_macro   0x000000000000160c       0x8e ./Core/Src/bootloader.o
 .debug_macro   0x000000000000169a       0x1c ./Core/Src/bootloader.o
 .debug_macro   0x00000000000016b6      0x177 ./Core/Src/bootloader.o
 .debug_macro   0x000000000000182d       0x16 ./Core/Src/bootloader.o
 .debug_macro   0x0000000000001843       0x16 ./Core/Src/bootloader.o
 .debug_macro   0x0000000000001859      0x147 ./Core/Src/bootloader.o
 .debug_macro   0x00000000000019a0       0x16 ./Core/Src/bootloader.o
 .debug_macro   0x00000000000019b6       0x35 ./Core/Src/bootloader.o
 .debug_macro   0x00000000000019eb       0x20 ./Core/Src/bootloader.o
 .debug_macro   0x0000000000001a0b      0x100 ./Core/Src/bootloader.o
 .debug_macro   0x0000000000001b0b      0x2a1 ./Core/Src/bootloader.o
 .debug_macro   0x0000000000001dac       0x2e ./Core/Src/bootloader.o
 .debug_macro   0x0000000000001dda       0x28 ./Core/Src/bootloader.o
 .debug_macro   0x0000000000001e02      0x103 ./Core/Src/bootloader.o
 .debug_macro   0x0000000000001f05       0x6a ./Core/Src/bootloader.o
 .debug_macro   0x0000000000001f6f      0x1df ./Core/Src/bootloader.o
 .debug_macro   0x000000000000214e       0x1c ./Core/Src/bootloader.o
 .debug_macro   0x000000000000216a       0x22 ./Core/Src/bootloader.o
 .debug_macro   0x000000000000218c       0xfb ./Core/Src/bootloader.o
 .debug_macro   0x0000000000002287     0x1011 ./Core/Src/bootloader.o
 .debug_macro   0x0000000000003298      0x11f ./Core/Src/bootloader.o
 .debug_macro   0x00000000000033b7     0xb86c ./Core/Src/bootloader.o
 .debug_macro   0x000000000000ec23       0x6d ./Core/Src/bootloader.o
 .debug_macro   0x000000000000ec90     0x369a ./Core/Src/bootloader.o
 .debug_macro   0x000000000001232a       0x56 ./Core/Src/bootloader.o
 .debug_macro   0x0000000000012380      0x416 ./Core/Src/bootloader.o
 .debug_macro   0x0000000000012796      0x9e9 ./Core/Src/bootloader.o
 .debug_macro   0x000000000001317f      0x115 ./Core/Src/bootloader.o
 .debug_macro   0x0000000000013294       0xf8 ./Core/Src/bootloader.o
 .debug_macro   0x000000000001338c       0xa5 ./Core/Src/bootloader.o
 .debug_macro   0x0000000000013431      0x15f ./Core/Src/bootloader.o
 .debug_macro   0x0000000000013590      0x287 ./Core/Src/bootloader.o
 .debug_macro   0x0000000000013817       0x5f ./Core/Src/bootloader.o
 .debug_macro   0x0000000000013876      0x236 ./Core/Src/bootloader.o
 .debug_macro   0x0000000000013aac       0x22 ./Core/Src/bootloader.o
 .debug_macro   0x0000000000013ace      0x132 ./Core/Src/bootloader.o
 .debug_macro   0x0000000000013c00      0x23a ./Core/Src/bootloader.o
 .debug_macro   0x0000000000013e3a       0x2e ./Core/Src/bootloader.o
 .debug_macro   0x0000000000013e68      0x127 ./Core/Src/bootloader.o
 .debug_macro   0x0000000000013f8f       0x85 ./Core/Src/bootloader.o
 .debug_macro   0x0000000000014014       0x89 ./Core/Src/bootloader.o
 .debug_macro   0x000000000001409d      0x8ed ./Core/Src/bootloader.o
 .debug_macro   0x000000000001498a       0x47 ./Core/Src/bootloader.o
 .debug_macro   0x00000000000149d1      0x2aa ./Core/Src/bootloader.o
 .debug_macro   0x0000000000014c7b      0x126 ./Core/Src/bootloader.o
 .debug_macro   0x0000000000014da1      0x1ec ./Core/Src/crc.o
 .debug_macro   0x0000000000014f8d       0x8e ./Core/Src/crc.o
 .debug_macro   0x000000000001501b       0x51 ./Core/Src/crc.o
 .debug_macro   0x000000000001506c      0x174 ./Core/Src/crc.o
 .debug_macro   0x00000000000151e0       0x5c ./Core/Src/crc.o
 .debug_macro   0x000000000001523c      0x1ec ./Core/Src/gpio.o
 .debug_macro   0x0000000000015428      0x229 ./Core/Src/main.o
 .debug_macro   0x0000000000015651       0x1c ./Core/Src/main.o
 .debug_macro   0x000000000001566d       0x2e ./Core/Src/main.o
 .debug_macro   0x000000000001569b      0x1e2 ./Core/Src/stm32f4xx_hal_msp.o
 .debug_macro   0x000000000001587d      0x1ec ./Core/Src/stm32f4xx_it.o
 .debug_macro   0x0000000000015a69      0x1d8 ./Core/Src/system_stm32f4xx.o
 .debug_macro   0x0000000000015c41      0x1ec ./Core/Src/tim.o
 .debug_macro   0x0000000000015e2d      0x1ec ./Core/Src/usart.o
 .debug_macro   0x0000000000016019      0x238 ./Drivers/STM32F4xx_HAL_Driver/Src/stm32f4xx_hal.o
 .debug_macro   0x0000000000016251      0x1d8 ./Drivers/STM32F4xx_HAL_Driver/Src/stm32f4xx_hal_cortex.o
 .debug_macro   0x0000000000016429      0x1d8 ./Drivers/STM32F4xx_HAL_Driver/Src/stm32f4xx_hal_crc.o
 .debug_macro   0x0000000000016601      0x1de ./Drivers/STM32F4xx_HAL_Driver/Src/stm32f4xx_hal_flash.o
 .debug_macro   0x00000000000167df      0x1de ./Drivers/STM32F4xx_HAL_Driver/Src/stm32f4xx_hal_flash_ex.o
 .debug_macro   0x00000000000169bd      0x1de ./Drivers/STM32F4xx_HAL_Driver/Src/stm32f4xx_hal_gpio.o
 .debug_macro   0x0000000000016b9b      0x1fc ./Drivers/STM32F4xx_HAL_Driver/Src/stm32f4xx_hal_rcc.o
 .debug_macro   0x0000000000016d97      0x1d8 ./Drivers/STM32F4xx_HAL_Driver/Src/stm32f4xx_hal_rcc_ex.o
 .debug_macro   0x0000000000016f6f      0x1d9 ./Drivers/STM32F4xx_HAL_Driver/Src/stm32f4xx_hal_tim.o
 .debug_macro   0x0000000000017148      0x1d8 ./Drivers/STM32F4xx_HAL_Driver/Src/stm32f4xx_hal_tim_ex.o
 .debug_macro   0x0000000000017320      0x1d9 ./Drivers/STM32F4xx_HAL_Driver/Src/stm32f4xx_hal_uart.o
 .debug_macro   0x00000000000174f9      0x1e7 ./HAL/Motor/motor.o
 .debug_macro   0x00000000000176e0       0x28 ./HAL/Motor/motor.o
 .debug_macro   0x0000000000017708      0x1e7 ./HAL/Ultrasonic/ultrasonic.o
 .debug_macro   0x00000000000178ef       0x16 ./HAL/Ultrasonic/ultrasonic.o

.debug_line     0x0000000000000000    0x1329c
 .debug_line    0x0000000000000000      0xccc ./Core/Src/bootloader.o
 .debug_line    0x0000000000000ccc      0x7a1 ./Core/Src/crc.o
 .debug_line    0x000000000000146d      0x790 ./Core/Src/gpio.o
 .debug_line    0x0000000000001bfd      0x94c ./Core/Src/main.o
 .debug_line    0x0000000000002549      0x766 ./Core/Src/stm32f4xx_hal_msp.o
 .debug_line    0x0000000000002caf      0x858 ./Core/Src/stm32f4xx_it.o
 .debug_line    0x0000000000003507      0x7e7 ./Core/Src/system_stm32f4xx.o
 .debug_line    0x0000000000003cee      0x94a ./Core/Src/tim.o
 .debug_line    0x0000000000004638      0x7cf ./Core/Src/usart.o
 .debug_line    0x0000000000004e07       0x7a ./Core/Startup/startup_stm32f401rctx.o
 .debug_line    0x0000000000004e81      0xa4d ./Drivers/STM32F4xx_HAL_Driver/Src/stm32f4xx_hal.o
 .debug_line    0x00000000000058ce      0xd47 ./Drivers/STM32F4xx_HAL_Driver/Src/stm32f4xx_hal_cortex.o
 .debug_line    0x0000000000006615      0x8ac ./Drivers/STM32F4xx_HAL_Driver/Src/stm32f4xx_hal_crc.o
 .debug_line    0x0000000000006ec1      0xad6 ./Drivers/STM32F4xx_HAL_Driver/Src/stm32f4xx_hal_flash.o
 .debug_line    0x0000000000007997      0xbd0 ./Drivers/STM32F4xx_HAL_Driver/Src/stm32f4xx_hal_flash_ex.o
 .debug_line    0x0000000000008567      0xb85 ./Drivers/STM32F4xx_HAL_Driver/Src/stm32f4xx_hal_gpio.o
 .debug_line    0x00000000000090ec      0xddc ./Drivers/STM32F4xx_HAL_Driver/Src/stm32f4xx_hal_rcc.o
 .debug_line    0x0000000000009ec8      0xa7e ./Drivers/STM32F4xx_HAL_Driver/Src/stm32f4xx_hal_rcc_ex.o
 .debug_line    0x000000000000a946     0x35b3 ./Drivers/STM32F4xx_HAL_Driver/Src/stm32f4xx_hal_tim.o
 .debug_line    0x000000000000def9     0x19e4 ./Drivers/STM32F4xx_HAL_Driver/Src/stm32f4xx_hal_tim_ex.o
 .debug_line    0x000000000000f8dd     0x290a ./Drivers/STM32F4xx_HAL_Driver/Src/stm32f4xx_hal_uart.o
 .debug_line    0x00000000000121e7      0x8a4 ./HAL/Motor/motor.o
 .debug_line    0x0000000000012a8b      0x811 ./HAL/Ultrasonic/ultrasonic.o

.debug_str      0x0000000000000000    0x8e549
 .debug_str     0x0000000000000000    0x8a81e ./Core/Src/bootloader.o
                                      0x8ab8b (size before relaxing)
 .debug_str     0x000000000008a81e      0x161 ./Core/Src/crc.o
                                      0x86628 (size before relaxing)
 .debug_str     0x000000000008a97f       0xd8 ./Core/Src/gpio.o
                                      0x86578 (size before relaxing)
 .debug_str     0x000000000008aa57      0x66e ./Core/Src/main.o
                                      0x8759c (size before relaxing)
 .debug_str     0x000000000008b0c5       0x2c ./Core/Src/stm32f4xx_hal_msp.o
                                      0x864ad (size before relaxing)
 .debug_str     0x000000000008b0f1      0x105 ./Core/Src/stm32f4xx_it.o
                                      0x8699f (size before relaxing)
 .debug_str     0x000000000008b1f6       0xdb ./Core/Src/system_stm32f4xx.o
                                      0x8655d (size before relaxing)
 .debug_str     0x000000000008b2d1      0x614 ./Core/Src/tim.o
                                      0x87108 (size before relaxing)
 .debug_str     0x000000000008b8e5       0x51 ./Core/Src/usart.o
                                      0x86a35 (size before relaxing)
 .debug_str     0x000000000008b936       0x34 ./Core/Startup/startup_stm32f401rctx.o
                                         0x5f (size before relaxing)
 .debug_str     0x000000000008b96a      0x5f3 ./Drivers/STM32F4xx_HAL_Driver/Src/stm32f4xx_hal.o
                                      0x86f7f (size before relaxing)
 .debug_str     0x000000000008bf5d      0x36b ./Drivers/STM32F4xx_HAL_Driver/Src/stm32f4xx_hal_cortex.o
                                      0x86ce9 (size before relaxing)
 .debug_str     0x000000000008c2c8       0x8a ./Drivers/STM32F4xx_HAL_Driver/Src/stm32f4xx_hal_crc.o
                                      0x86579 (size before relaxing)
 .debug_str     0x000000000008c352      0x291 ./Drivers/STM32F4xx_HAL_Driver/Src/stm32f4xx_hal_flash.o
                                      0x8673b (size before relaxing)
 .debug_str     0x000000000008c5e3      0x223 ./Drivers/STM32F4xx_HAL_Driver/Src/stm32f4xx_hal_flash_ex.o
                                      0x8685e (size before relaxing)
 .debug_str     0x000000000008c806      0x109 ./Drivers/STM32F4xx_HAL_Driver/Src/stm32f4xx_hal_gpio.o
                                      0x866d8 (size before relaxing)
 .debug_str     0x000000000008c90f      0x219 ./Drivers/STM32F4xx_HAL_Driver/Src/stm32f4xx_hal_rcc.o
                                      0x86991 (size before relaxing)
 .debug_str     0x000000000008cb28      0x18a ./Drivers/STM32F4xx_HAL_Driver/Src/stm32f4xx_hal_rcc_ex.o
                                      0x866c0 (size before relaxing)
 .debug_str     0x000000000008ccb2      0xd27 ./Drivers/STM32F4xx_HAL_Driver/Src/stm32f4xx_hal_tim.o
                                      0x878d5 (size before relaxing)
 .debug_str     0x000000000008d9d9      0x493 ./Drivers/STM32F4xx_HAL_Driver/Src/stm32f4xx_hal_tim_ex.o
                                      0x870e1 (size before relaxing)
 .debug_str     0x000000000008de6c      0x619 ./Drivers/STM32F4xx_HAL_Driver/Src/stm32f4xx_hal_uart.o
                                      0x86f60 (size before relaxing)
 .debug_str     0x000000000008e485       0x67 ./HAL/Motor/motor.o
                                      0x86b07 (size before relaxing)
 .debug_str     0x000000000008e4ec       0x5d ./HAL/Ultrasonic/ultrasonic.o
                                      0x86acb (size before relaxing)

.debug_frame    0x0000000000000000     0x3ef8
 .debug_frame   0x0000000000000000      0x1ec ./Core/Src/bootloader.o
 .debug_frame   0x00000000000001ec       0x7c ./Core/Src/crc.o
 .debug_frame   0x0000000000000268       0x34 ./Core/Src/gpio.o
 .debug_frame   0x000000000000029c       0x90 ./Core/Src/main.o
 .debug_frame   0x000000000000032c       0x38 ./Core/Src/stm32f4xx_hal_msp.o
 .debug_frame   0x0000000000000364      0x13c ./Core/Src/stm32f4xx_it.o
 .debug_frame   0x00000000000004a0       0x58 ./Core/Src/system_stm32f4xx.o
 .debug_frame   0x00000000000004f8      0x178 ./Core/Src/tim.o
 .debug_frame   0x0000000000000670       0x74 ./Core/Src/usart.o
 .debug_frame   0x00000000000006e4      0x374 ./Drivers/STM32F4xx_HAL_Driver/Src/stm32f4xx_hal.o
 .debug_frame   0x0000000000000a58      0x508 ./Drivers/STM32F4xx_HAL_Driver/Src/stm32f4xx_hal_cortex.o
 .debug_frame   0x0000000000000f60      0x120 ./Drivers/STM32F4xx_HAL_Driver/Src/stm32f4xx_hal_crc.o
 .debug_frame   0x0000000000001080      0x274 ./Drivers/STM32F4xx_HAL_Driver/Src/stm32f4xx_hal_flash.o
 .debug_frame   0x00000000000012f4      0x334 ./Drivers/STM32F4xx_HAL_Driver/Src/stm32f4xx_hal_flash_ex.o
 .debug_frame   0x0000000000001628      0x14c ./Drivers/STM32F4xx_HAL_Driver/Src/stm32f4xx_hal_gpio.o
 .debug_frame   0x0000000000001774      0x1f4 ./Drivers/STM32F4xx_HAL_Driver/Src/stm32f4xx_hal_rcc.o
 .debug_frame   0x0000000000001968       0xf0 ./Drivers/STM32F4xx_HAL_Driver/Src/stm32f4xx_hal_rcc_ex.o
 .debug_frame   0x0000000000001a58     0x11b8 ./Drivers/STM32F4xx_HAL_Driver/Src/stm32f4xx_hal_tim.o
 .debug_frame   0x0000000000002c10      0x638 ./Drivers/STM32F4xx_HAL_Driver/Src/stm32f4xx_hal_tim_ex.o
 .debug_frame   0x0000000000003248      0x954 ./Drivers/STM32F4xx_HAL_Driver/Src/stm32f4xx_hal_uart.o
 .debug_frame   0x0000000000003b9c      0x124 ./HAL/Motor/motor.o
 .debug_frame   0x0000000000003cc0       0x8c ./HAL/Ultrasonic/ultrasonic.o
 .debug_frame   0x0000000000003d4c       0x20 C:/ST/STM32CubeIDE_1.14.0/STM32CubeIDE/plugins/com.st.stm32cube.ide.mcu.externaltools.gnu-tools-for-stm32.11.3.rel1.win32_1.1.100.202309141235/tools/bin/../lib/gcc/arm-none-eabi/11.3.1/../../../../arm-none-eabi/lib/thumb/v7e-m+fp/hard\libc_nano.a(libc_a-memset.o)
 .debug_frame   0x0000000000003d6c       0x2c C:/ST/STM32CubeIDE_1.14.0/STM32CubeIDE/plugins/com.st.stm32cube.ide.mcu.externaltools.gnu-tools-for-stm32.11.3.rel1.win32_1.1.100.202309141235/tools/bin/../lib/gcc/arm-none-eabi/11.3.1/../../../../arm-none-eabi/lib/thumb/v7e-m+fp/hard\libc_nano.a(libc_a-init.o)
 .debug_frame   0x0000000000003d98       0x30 C:/ST/STM32CubeIDE_1.14.0/STM32CubeIDE/plugins/com.st.stm32cube.ide.mcu.externaltools.gnu-tools-for-stm32.11.3.rel1.win32_1.1.100.202309141235/tools/bin/../lib/gcc/arm-none-eabi/11.3.1/thumb/v7e-m+fp/hard\libgcc.a(_arm_muldf3.o)
 .debug_frame   0x0000000000003dc8       0xac C:/ST/STM32CubeIDE_1.14.0/STM32CubeIDE/plugins/com.st.stm32cube.ide.mcu.externaltools.gnu-tools-for-stm32.11.3.rel1.win32_1.1.100.202309141235/tools/bin/../lib/gcc/arm-none-eabi/11.3.1/thumb/v7e-m+fp/hard\libgcc.a(_arm_addsubdf3.o)
 .debug_frame   0x0000000000003e74       0x24 C:/ST/STM32CubeIDE_1.14.0/STM32CubeIDE/plugins/com.st.stm32cube.ide.mcu.externaltools.gnu-tools-for-stm32.11.3.rel1.win32_1.1.100.202309141235/tools/bin/../lib/gcc/arm-none-eabi/11.3.1/thumb/v7e-m+fp/hard\libgcc.a(_arm_fixunsdfsi.o)
 .debug_frame   0x0000000000003e98       0x2c C:/ST/STM32CubeIDE_1.14.0/STM32CubeIDE/plugins/com.st.stm32cube.ide.mcu.externaltools.gnu-tools-for-stm32.11.3.rel1.win32_1.1.100.202309141235/tools/bin/../lib/gcc/arm-none-eabi/11.3.1/thumb/v7e-m+fp/hard\libgcc.a(_aeabi_uldivmod.o)
 .debug_frame   0x0000000000003ec4       0x34 C:/ST/STM32CubeIDE_1.14.0/STM32CubeIDE/plugins/com.st.stm32cube.ide.mcu.externaltools.gnu-tools-for-stm32.11.3.rel1.win32_1.1.100.202309141235/tools/bin/../lib/gcc/arm-none-eabi/11.3.1/thumb/v7e-m+fp/hard\libgcc.a(_udivmoddi4.o)

.debug_line_str
                0x0000000000000000       0x53
 .debug_line_str
                0x0000000000000000       0x53 ./Core/Startup/startup_stm32f401rctx.o
                                         0x6b (size before relaxing)
