../Core/Src/tim.c:32:6:MX_TIM2_Init	32	static
../Core/Src/tim.c:75:6:MX_TIM3_Init	48	static
../Core/Src/tim.c:131:6:MX_TIM10_Init	8	static
../Core/Src/tim.c:157:6:HAL_TIM_IC_MspInit	48	static
../Core/Src/tim.c:189:6:HAL_TIM_PWM_MspInit	24	static
../Core/Src/tim.c:205:6:HAL_TIM_Base_MspInit	24	static
../Core/Src/tim.c:224:6:HAL_TIM_MspPostInit	48	static
../Core/Src/tim.c:263:6:HAL_TIM_IC_MspDeInit	16	static
../Core/Src/tim.c:287:6:HAL_TIM_PWM_MspDeInit	16	static
../Core/Src/tim.c:303:6:HAL_TIM_Base_MspDeInit	16	static
